Test Suite (3.10)	Set up job	ï»¿2025-08-25T23:38:46.6372862Z Current runner version: '2.328.0'
Test Suite (3.10)	Set up job	2025-08-25T23:38:46.6397199Z ##[group]Runner Image Provisioner
Test Suite (3.10)	Set up job	2025-08-25T23:38:46.6398097Z Hosted Compute Agent
Test Suite (3.10)	Set up job	2025-08-25T23:38:46.6398689Z Version: 20250825.382
Test Suite (3.10)	Set up job	2025-08-25T23:38:46.6399241Z Commit: 7109f2abf901479dac39397456e363ac0cca0730
Test Suite (3.10)	Set up job	2025-08-25T23:38:46.6399992Z Build Date: 2025-08-25T22:55:50Z
Test Suite (3.10)	Set up job	2025-08-25T23:38:46.6400557Z ##[endgroup]
Test Suite (3.10)	Set up job	2025-08-25T23:38:46.6401124Z ##[group]Operating System
Test Suite (3.10)	Set up job	2025-08-25T23:38:46.6401817Z Ubuntu
Test Suite (3.10)	Set up job	2025-08-25T23:38:46.6402264Z 24.04.2
Test Suite (3.10)	Set up job	2025-08-25T23:38:46.6402733Z LTS
Test Suite (3.10)	Set up job	2025-08-25T23:38:46.6403187Z ##[endgroup]
Test Suite (3.10)	Set up job	2025-08-25T23:38:46.6404060Z ##[group]Runner Image
Test Suite (3.10)	Set up job	2025-08-25T23:38:46.6404630Z Image: ubuntu-24.04
Test Suite (3.10)	Set up job	2025-08-25T23:38:46.6405195Z Version: 20250818.1.0
Test Suite (3.10)	Set up job	2025-08-25T23:38:46.6406182Z Included Software: https://github.com/actions/runner-images/blob/ubuntu24/20250818.1/images/ubuntu/Ubuntu2404-Readme.md
Test Suite (3.10)	Set up job	2025-08-25T23:38:46.6407553Z Image Release: https://github.com/actions/runner-images/releases/tag/ubuntu24%2F20250818.1
Test Suite (3.10)	Set up job	2025-08-25T23:38:46.6408742Z ##[endgroup]
Test Suite (3.10)	Set up job	2025-08-25T23:38:46.6409783Z ##[group]GITHUB_TOKEN Permissions
Test Suite (3.10)	Set up job	2025-08-25T23:38:46.6411847Z Contents: read
Test Suite (3.10)	Set up job	2025-08-25T23:38:46.6412382Z Metadata: read
Test Suite (3.10)	Set up job	2025-08-25T23:38:46.6412866Z Packages: read
Test Suite (3.10)	Set up job	2025-08-25T23:38:46.6413765Z ##[endgroup]
Test Suite (3.10)	Set up job	2025-08-25T23:38:46.6416199Z Secret source: Actions
Test Suite (3.10)	Set up job	2025-08-25T23:38:46.6417161Z Prepare workflow directory
Test Suite (3.10)	Set up job	2025-08-25T23:38:46.6792325Z Prepare all required actions
Test Suite (3.10)	Set up job	2025-08-25T23:38:46.6848859Z Getting action download info
Test Suite (3.10)	Set up job	2025-08-25T23:38:47.1409607Z Download action repository 'actions/checkout@v4' (SHA:08eba0b27e820071cde6df949e0beb9ba4906955)
Test Suite (3.10)	Set up job	2025-08-25T23:38:47.2130073Z Download action repository 'actions/setup-python@v5' (SHA:a26af69be951a213d495a4c3e4e4022e16d87065)
Test Suite (3.10)	Set up job	2025-08-25T23:38:47.2939849Z Download action repository 'actions/cache@v4' (SHA:0400d5f644dc74513175e3cd8d07132dd4860809)
Test Suite (3.10)	Set up job	2025-08-25T23:38:47.4040105Z Download action repository 'actions/upload-artifact@v4' (SHA:ea165f8d65b6e75b540449e92b4886f43607fa02)
Test Suite (3.10)	Set up job	2025-08-25T23:38:47.5088721Z Download action repository 'codecov/codecov-action@v3' (SHA:ab904c41d6ece82784817410c45d8b8c02684457)
Test Suite (3.10)	Set up job	2025-08-25T23:38:48.0866731Z Download action repository 'actions/github-script@v7' (SHA:60a0d83039c74a4aee543508d2ffcb1c3799cdea)
Test Suite (3.10)	Set up job	2025-08-25T23:38:48.6850455Z Complete job name: Test Suite (3.10)
Test Suite (3.10)	Checkout code	ï»¿2025-08-25T23:38:48.7465967Z ##[group]Run actions/checkout@v4
Test Suite (3.10)	Checkout code	2025-08-25T23:38:48.7466867Z with:
Test Suite (3.10)	Checkout code	2025-08-25T23:38:48.7467283Z   repository: philmcneely/Daemon-pmac
Test Suite (3.10)	Checkout code	2025-08-25T23:38:48.7467876Z   token: ***
Test Suite (3.10)	Checkout code	2025-08-25T23:38:48.7468223Z   ssh-strict: true
Test Suite (3.10)	Checkout code	2025-08-25T23:38:48.7468560Z   ssh-user: git
Test Suite (3.10)	Checkout code	2025-08-25T23:38:48.7468914Z   persist-credentials: true
Test Suite (3.10)	Checkout code	2025-08-25T23:38:48.7469284Z   clean: true
Test Suite (3.10)	Checkout code	2025-08-25T23:38:48.7469652Z   sparse-checkout-cone-mode: true
Test Suite (3.10)	Checkout code	2025-08-25T23:38:48.7470055Z   fetch-depth: 1
Test Suite (3.10)	Checkout code	2025-08-25T23:38:48.7470396Z   fetch-tags: false
Test Suite (3.10)	Checkout code	2025-08-25T23:38:48.7470745Z   show-progress: true
Test Suite (3.10)	Checkout code	2025-08-25T23:38:48.7471105Z   lfs: false
Test Suite (3.10)	Checkout code	2025-08-25T23:38:48.7471440Z   submodules: false
Test Suite (3.10)	Checkout code	2025-08-25T23:38:48.7471800Z   set-safe-directory: true
Test Suite (3.10)	Checkout code	2025-08-25T23:38:48.7472425Z env:
Test Suite (3.10)	Checkout code	2025-08-25T23:38:48.7472770Z   PYTHON_VERSION: 3.12
Test Suite (3.10)	Checkout code	2025-08-25T23:38:48.7473129Z ##[endgroup]
Test Suite (3.10)	Checkout code	2025-08-25T23:38:48.8528077Z Syncing repository: philmcneely/Daemon-pmac
Test Suite (3.10)	Checkout code	2025-08-25T23:38:48.8529671Z ##[group]Getting Git version info
Test Suite (3.10)	Checkout code	2025-08-25T23:38:48.8530287Z Working directory is '/home/runner/work/Daemon-pmac/Daemon-pmac'
Test Suite (3.10)	Checkout code	2025-08-25T23:38:48.8531187Z [command]/usr/bin/git version
Test Suite (3.10)	Checkout code	2025-08-25T23:38:48.8565156Z git version 2.51.0
Test Suite (3.10)	Checkout code	2025-08-25T23:38:48.8590784Z ##[endgroup]
Test Suite (3.10)	Checkout code	2025-08-25T23:38:48.8604345Z Temporarily overriding HOME='/home/runner/work/_temp/fd35f7e3-b268-41e6-8980-041eb6748ff4' before making global git config changes
Test Suite (3.10)	Checkout code	2025-08-25T23:38:48.8605428Z Adding repository directory to the temporary git global config as a safe directory
Test Suite (3.10)	Checkout code	2025-08-25T23:38:48.8609909Z [command]/usr/bin/git config --global --add safe.directory /home/runner/work/Daemon-pmac/Daemon-pmac
Test Suite (3.10)	Checkout code	2025-08-25T23:38:48.8642134Z Deleting the contents of '/home/runner/work/Daemon-pmac/Daemon-pmac'
Test Suite (3.10)	Checkout code	2025-08-25T23:38:48.8645832Z ##[group]Initializing the repository
Test Suite (3.10)	Checkout code	2025-08-25T23:38:48.8649945Z [command]/usr/bin/git init /home/runner/work/Daemon-pmac/Daemon-pmac
Test Suite (3.10)	Checkout code	2025-08-25T23:38:48.8702982Z hint: Using 'master' as the name for the initial branch. This default branch name
Test Suite (3.10)	Checkout code	2025-08-25T23:38:48.8704510Z hint: is subject to change. To configure the initial branch name to use in all
Test Suite (3.10)	Checkout code	2025-08-25T23:38:48.8705659Z hint: of your new repositories, which will suppress this warning, call:
Test Suite (3.10)	Checkout code	2025-08-25T23:38:48.8777638Z hint:
Test Suite (3.10)	Checkout code	2025-08-25T23:38:48.8778586Z hint: 	git config --global init.defaultBranch <name>
Test Suite (3.10)	Checkout code	2025-08-25T23:38:48.8779451Z hint:
Test Suite (3.10)	Checkout code	2025-08-25T23:38:48.8780346Z hint: Names commonly chosen instead of 'master' are 'main', 'trunk' and
Test Suite (3.10)	Checkout code	2025-08-25T23:38:48.8781495Z hint: 'development'. The just-created branch can be renamed via this command:
Test Suite (3.10)	Checkout code	2025-08-25T23:38:48.8782415Z hint:
Test Suite (3.10)	Checkout code	2025-08-25T23:38:48.8783048Z hint: 	git branch -m <name>
Test Suite (3.10)	Checkout code	2025-08-25T23:38:48.8783882Z hint:
Test Suite (3.10)	Checkout code	2025-08-25T23:38:48.8784694Z hint: Disable this message with "git config set advice.defaultBranchName false"
Test Suite (3.10)	Checkout code	2025-08-25T23:38:48.8785948Z Initialized empty Git repository in /home/runner/work/Daemon-pmac/Daemon-pmac/.git/
Test Suite (3.10)	Checkout code	2025-08-25T23:38:48.8788208Z [command]/usr/bin/git remote add origin https://github.com/philmcneely/Daemon-pmac
Test Suite (3.10)	Checkout code	2025-08-25T23:38:48.8790285Z ##[endgroup]
Test Suite (3.10)	Checkout code	2025-08-25T23:38:48.8791323Z ##[group]Disabling automatic garbage collection
Test Suite (3.10)	Checkout code	2025-08-25T23:38:48.8792129Z [command]/usr/bin/git config --local gc.auto 0
Test Suite (3.10)	Checkout code	2025-08-25T23:38:48.8794674Z ##[endgroup]
Test Suite (3.10)	Checkout code	2025-08-25T23:38:48.8795643Z ##[group]Setting up auth
Test Suite (3.10)	Checkout code	2025-08-25T23:38:48.8796595Z [command]/usr/bin/git config --local --name-only --get-regexp core\.sshCommand
Test Suite (3.10)	Checkout code	2025-08-25T23:38:48.8826955Z [command]/usr/bin/git submodule foreach --recursive sh -c "git config --local --name-only --get-regexp 'core\.sshCommand' && git config --local --unset-all 'core.sshCommand' || :"
Test Suite (3.10)	Checkout code	2025-08-25T23:38:48.9085345Z [command]/usr/bin/git config --local --name-only --get-regexp http\.https\:\/\/github\.com\/\.extraheader
Test Suite (3.10)	Checkout code	2025-08-25T23:38:48.9115175Z [command]/usr/bin/git submodule foreach --recursive sh -c "git config --local --name-only --get-regexp 'http\.https\:\/\/github\.com\/\.extraheader' && git config --local --unset-all 'http.https://github.com/.extraheader' || :"
Test Suite (3.10)	Checkout code	2025-08-25T23:38:48.9331463Z [command]/usr/bin/git config --local http.https://github.com/.extraheader AUTHORIZATION: basic ***
Test Suite (3.10)	Checkout code	2025-08-25T23:38:48.9375641Z ##[endgroup]
Test Suite (3.10)	Checkout code	2025-08-25T23:38:48.9376348Z ##[group]Fetching the repository
Test Suite (3.10)	Checkout code	2025-08-25T23:38:48.9384065Z [command]/usr/bin/git -c protocol.version=2 fetch --no-tags --prune --no-recurse-submodules --depth=1 origin +eeb82718d63cb4a0a7d441bf78a4b9c9d4049f90:refs/remotes/pull/7/merge
Test Suite (3.10)	Checkout code	2025-08-25T23:38:49.3927180Z From https://github.com/philmcneely/Daemon-pmac
Test Suite (3.10)	Checkout code	2025-08-25T23:38:49.3928990Z  * [new ref]         eeb82718d63cb4a0a7d441bf78a4b9c9d4049f90 -> pull/7/merge
Test Suite (3.10)	Checkout code	2025-08-25T23:38:49.3975338Z ##[endgroup]
Test Suite (3.10)	Checkout code	2025-08-25T23:38:49.3975804Z ##[group]Determining the checkout info
Test Suite (3.10)	Checkout code	2025-08-25T23:38:49.3977844Z ##[endgroup]
Test Suite (3.10)	Checkout code	2025-08-25T23:38:49.3982663Z [command]/usr/bin/git sparse-checkout disable
Test Suite (3.10)	Checkout code	2025-08-25T23:38:49.4021624Z [command]/usr/bin/git config --local --unset-all extensions.worktreeConfig
Test Suite (3.10)	Checkout code	2025-08-25T23:38:49.4049518Z ##[group]Checking out the ref
Test Suite (3.10)	Checkout code	2025-08-25T23:38:49.4053090Z [command]/usr/bin/git checkout --progress --force refs/remotes/pull/7/merge
Test Suite (3.10)	Checkout code	2025-08-25T23:38:49.4157157Z Note: switching to 'refs/remotes/pull/7/merge'.
Test Suite (3.10)	Checkout code	2025-08-25T23:38:49.4157560Z
Test Suite (3.10)	Checkout code	2025-08-25T23:38:49.4157905Z You are in 'detached HEAD' state. You can look around, make experimental
Test Suite (3.10)	Checkout code	2025-08-25T23:38:49.4158657Z changes and commit them, and you can discard any commits you make in this
Test Suite (3.10)	Checkout code	2025-08-25T23:38:49.4159292Z state without impacting any branches by switching back to a branch.
Test Suite (3.10)	Checkout code	2025-08-25T23:38:49.4159657Z
Test Suite (3.10)	Checkout code	2025-08-25T23:38:49.4159923Z If you want to create a new branch to retain commits you create, you may
Test Suite (3.10)	Checkout code	2025-08-25T23:38:49.4160499Z do so (now or later) by using -c with the switch command. Example:
Test Suite (3.10)	Checkout code	2025-08-25T23:38:49.4160824Z
Test Suite (3.10)	Checkout code	2025-08-25T23:38:49.4161216Z   git switch -c <new-branch-name>
Test Suite (3.10)	Checkout code	2025-08-25T23:38:49.4161456Z
Test Suite (3.10)	Checkout code	2025-08-25T23:38:49.4161594Z Or undo this operation with:
Test Suite (3.10)	Checkout code	2025-08-25T23:38:49.4161814Z
Test Suite (3.10)	Checkout code	2025-08-25T23:38:49.4161933Z   git switch -
Test Suite (3.10)	Checkout code	2025-08-25T23:38:49.4162117Z
Test Suite (3.10)	Checkout code	2025-08-25T23:38:49.4162394Z Turn off this advice by setting config variable advice.detachedHead to false
Test Suite (3.10)	Checkout code	2025-08-25T23:38:49.4162804Z
Test Suite (3.10)	Checkout code	2025-08-25T23:38:49.4163567Z HEAD is now at eeb8271 Merge 40f7f6996ab67093d81790e128b0774b551ae6b8 into 2265dcc7dfa8a27fb5eeb9c6b135fdb67be5ecec
Test Suite (3.10)	Checkout code	2025-08-25T23:38:49.4165520Z ##[endgroup]
Test Suite (3.10)	Checkout code	2025-08-25T23:38:49.4199079Z [command]/usr/bin/git log -1 --format=%H
Test Suite (3.10)	Checkout code	2025-08-25T23:38:49.4221131Z eeb82718d63cb4a0a7d441bf78a4b9c9d4049f90
Test Suite (3.10)	Set up Python 3.10	ï»¿2025-08-25T23:38:49.4442924Z ##[group]Run actions/setup-python@v5
Test Suite (3.10)	Set up Python 3.10	2025-08-25T23:38:49.4443281Z with:
Test Suite (3.10)	Set up Python 3.10	2025-08-25T23:38:49.4443801Z   python-version: 3.10
Test Suite (3.10)	Set up Python 3.10	2025-08-25T23:38:49.4444055Z   check-latest: false
Test Suite (3.10)	Set up Python 3.10	2025-08-25T23:38:49.4444438Z   token: ***
Test Suite (3.10)	Set up Python 3.10	2025-08-25T23:38:49.4444676Z   update-environment: true
Test Suite (3.10)	Set up Python 3.10	2025-08-25T23:38:49.4444951Z   allow-prereleases: false
Test Suite (3.10)	Set up Python 3.10	2025-08-25T23:38:49.4445196Z   freethreaded: false
Test Suite (3.10)	Set up Python 3.10	2025-08-25T23:38:49.4445413Z env:
Test Suite (3.10)	Set up Python 3.10	2025-08-25T23:38:49.4445622Z   PYTHON_VERSION: 3.12
Test Suite (3.10)	Set up Python 3.10	2025-08-25T23:38:49.4445850Z ##[endgroup]
Test Suite (3.10)	Set up Python 3.10	2025-08-25T23:38:49.6094111Z ##[group]Installed versions
Test Suite (3.10)	Set up Python 3.10	2025-08-25T23:38:49.6188531Z Successfully set up CPython (3.10.18)
Test Suite (3.10)	Set up Python 3.10	2025-08-25T23:38:49.6189539Z ##[endgroup]
Test Suite (3.10)	Cache pip dependencies	ï»¿2025-08-25T23:38:49.6994236Z ##[group]Run actions/cache@v4
Test Suite (3.10)	Cache pip dependencies	2025-08-25T23:38:49.6994599Z with:
Test Suite (3.10)	Cache pip dependencies	2025-08-25T23:38:49.6994815Z   path: ~/.cache/pip
Test Suite (3.10)	Cache pip dependencies	2025-08-25T23:38:49.6995216Z   key: Linux-pip-0b1d3226e0f8b40d4704615eb517c3bfd710edd2b3a2754f878807ce48d65570
Test Suite (3.10)	Cache pip dependencies	2025-08-25T23:38:49.6995665Z   restore-keys: Linux-pip-
Test Suite (3.10)	Cache pip dependencies
Test Suite (3.10)	Cache pip dependencies	2025-08-25T23:38:49.6995947Z   enableCrossOsArchive: false
Test Suite (3.10)	Cache pip dependencies	2025-08-25T23:38:49.6996218Z   fail-on-cache-miss: false
Test Suite (3.10)	Cache pip dependencies	2025-08-25T23:38:49.6996474Z   lookup-only: false
Test Suite (3.10)	Cache pip dependencies	2025-08-25T23:38:49.6996705Z   save-always: false
Test Suite (3.10)	Cache pip dependencies	2025-08-25T23:38:49.6996930Z env:
Test Suite (3.10)	Cache pip dependencies	2025-08-25T23:38:49.6997134Z   PYTHON_VERSION: 3.12
Test Suite (3.10)	Cache pip dependencies	2025-08-25T23:38:49.6997453Z   pythonLocation: /opt/hostedtoolcache/Python/3.10.18/x64
Test Suite (3.10)	Cache pip dependencies	2025-08-25T23:38:49.6997929Z   PKG_CONFIG_PATH: /opt/hostedtoolcache/Python/3.10.18/x64/lib/pkgconfig
Test Suite (3.10)	Cache pip dependencies	2025-08-25T23:38:49.6998379Z   Python_ROOT_DIR: /opt/hostedtoolcache/Python/3.10.18/x64
Test Suite (3.10)	Cache pip dependencies	2025-08-25T23:38:49.6998795Z   Python2_ROOT_DIR: /opt/hostedtoolcache/Python/3.10.18/x64
Test Suite (3.10)	Cache pip dependencies	2025-08-25T23:38:49.6999192Z   Python3_ROOT_DIR: /opt/hostedtoolcache/Python/3.10.18/x64
Test Suite (3.10)	Cache pip dependencies	2025-08-25T23:38:49.6999629Z   LD_LIBRARY_PATH: /opt/hostedtoolcache/Python/3.10.18/x64/lib
Test Suite (3.10)	Cache pip dependencies	2025-08-25T23:38:49.6999957Z ##[endgroup]
Test Suite (3.10)	Cache pip dependencies	2025-08-25T23:38:50.1214997Z Cache hit for: Linux-pip-0b1d3226e0f8b40d4704615eb517c3bfd710edd2b3a2754f878807ce48d65570
Test Suite (3.10)	Cache pip dependencies	2025-08-25T23:38:51.4483052Z Received 4194304 of 96534991 (4.3%), 4.0 MBs/sec
Test Suite (3.10)	Cache pip dependencies	2025-08-25T23:38:52.2900186Z Received 96534991 of 96534991 (100.0%), 50.0 MBs/sec
Test Suite (3.10)	Cache pip dependencies	2025-08-25T23:38:52.2904026Z Cache Size: ~92 MB (96534991 B)
Test Suite (3.10)	Cache pip dependencies	2025-08-25T23:38:52.2981010Z [command]/usr/bin/tar -xf /home/runner/work/_temp/97d27a24-9bd1-477f-8114-ea639d81d445/cache.tzst -P -C /home/runner/work/Daemon-pmac/Daemon-pmac --use-compress-program unzstd
Test Suite (3.10)	Cache pip dependencies	2025-08-25T23:38:52.5386939Z Cache restored successfully
Test Suite (3.10)	Cache pip dependencies	2025-08-25T23:38:52.5653786Z Cache restored from key: Linux-pip-0b1d3226e0f8b40d4704615eb517c3bfd710edd2b3a2754f878807ce48d65570
Test Suite (3.10)	Install dependencies	ï»¿2025-08-25T23:38:52.5786022Z ##[group]Run python -m pip install --upgrade pip
Test Suite (3.10)	Install dependencies	2025-08-25T23:38:52.5786476Z [36;1mpython -m pip install --upgrade pip[0m
Test Suite (3.10)	Install dependencies	2025-08-25T23:38:52.5786800Z [36;1mpip install -r requirements.txt[0m
Test Suite (3.10)	Install dependencies	2025-08-25T23:38:52.5787102Z [36;1mpip install -r requirements-dev.txt[0m
Test Suite (3.10)	Install dependencies	2025-08-25T23:38:52.5977872Z shell: /usr/bin/bash -e {0}
Test Suite (3.10)	Install dependencies	2025-08-25T23:38:52.5978214Z env:
Test Suite (3.10)	Install dependencies	2025-08-25T23:38:52.5978431Z   PYTHON_VERSION: 3.12
Test Suite (3.10)	Install dependencies	2025-08-25T23:38:52.5978788Z   pythonLocation: /opt/hostedtoolcache/Python/3.10.18/x64
Test Suite (3.10)	Install dependencies	2025-08-25T23:38:52.5979282Z   PKG_CONFIG_PATH: /opt/hostedtoolcache/Python/3.10.18/x64/lib/pkgconfig
Test Suite (3.10)	Install dependencies	2025-08-25T23:38:52.5979806Z   Python_ROOT_DIR: /opt/hostedtoolcache/Python/3.10.18/x64
Test Suite (3.10)	Install dependencies	2025-08-25T23:38:52.5980466Z   Python2_ROOT_DIR: /opt/hostedtoolcache/Python/3.10.18/x64
Test Suite (3.10)	Install dependencies	2025-08-25T23:38:52.5980905Z   Python3_ROOT_DIR: /opt/hostedtoolcache/Python/3.10.18/x64
Test Suite (3.10)	Install dependencies	2025-08-25T23:38:52.5981340Z   LD_LIBRARY_PATH: /opt/hostedtoolcache/Python/3.10.18/x64/lib
Test Suite (3.10)	Install dependencies	2025-08-25T23:38:52.5981695Z ##[endgroup]
Test Suite (3.10)	Install dependencies	2025-08-25T23:38:55.2901618Z Requirement already satisfied: pip in /opt/hostedtoolcache/Python/3.10.18/x64/lib/python3.10/site-packages (25.2)
Test Suite (3.10)	Install dependencies	2025-08-25T23:38:55.9373680Z Collecting aiosqlite==0.19.0 (from -r requirements.txt (line 1))
Test Suite (3.10)	Install dependencies	2025-08-25T23:38:55.9396464Z   Using cached aiosqlite-0.19.0-py3-none-any.whl.metadata (4.3 kB)
Test Suite (3.10)	Install dependencies	2025-08-25T23:38:55.9661814Z Collecting alembic==1.13.1 (from -r requirements.txt (line 2))
Test Suite (3.10)	Install dependencies	2025-08-25T23:38:55.9676537Z   Using cached alembic-1.13.1-py3-none-any.whl.metadata (7.4 kB)
Test Suite (3.10)	Install dependencies	2025-08-25T23:38:56.0212990Z Collecting bcrypt>=4.1.0 (from -r requirements.txt (line 3))
Test Suite (3.10)	Install dependencies	2025-08-25T23:38:56.0228523Z   Using cached bcrypt-4.3.0-cp39-abi3-manylinux_2_34_x86_64.whl.metadata (10 kB)
Test Suite (3.10)	Install dependencies	2025-08-25T23:38:56.0394508Z Collecting click==8.1.7 (from -r requirements.txt (line 4))
Test Suite (3.10)	Install dependencies	2025-08-25T23:38:56.0407636Z   Using cached click-8.1.7-py3-none-any.whl.metadata (3.0 kB)
Test Suite (3.10)	Install dependencies	2025-08-25T23:38:56.2453641Z Collecting cryptography>=41.0.0 (from -r requirements.txt (line 5))
Test Suite (3.10)	Install dependencies	2025-08-25T23:38:56.2470205Z   Using cached cryptography-45.0.6-cp37-abi3-manylinux_2_34_x86_64.whl.metadata (5.7 kB)
Test Suite (3.10)	Install dependencies	2025-08-25T23:38:56.2972274Z Collecting fastapi==0.104.1 (from -r requirements.txt (line 6))
Test Suite (3.10)	Install dependencies	2025-08-25T23:38:56.2986494Z   Using cached fastapi-0.104.1-py3-none-any.whl.metadata (24 kB)
Test Suite (3.10)	Install dependencies	2025-08-25T23:38:56.3193179Z Collecting httpx==0.25.2 (from -r requirements.txt (line 7))
Test Suite (3.10)	Install dependencies	2025-08-25T23:38:56.3206032Z   Using cached httpx-0.25.2-py3-none-any.whl.metadata (6.9 kB)
Test Suite (3.10)	Install dependencies	2025-08-25T23:38:56.3313253Z Collecting passlib==1.7.4 (from passlib[bcrypt]==1.7.4->-r requirements.txt (line 8))
Test Suite (3.10)	Install dependencies	2025-08-25T23:38:56.3326069Z   Using cached passlib-1.7.4-py2.py3-none-any.whl.metadata (1.7 kB)
Test Suite (3.10)	Install dependencies	2025-08-25T23:38:56.3459260Z Collecting prometheus-client==0.19.0 (from -r requirements.txt (line 9))
Test Suite (3.10)	Install dependencies	2025-08-25T23:38:56.3471830Z   Using cached prometheus_client-0.19.0-py3-none-any.whl.metadata (1.8 kB)
Test Suite (3.10)	Install dependencies	2025-08-25T23:38:56.4205640Z Collecting psutil==5.9.6 (from -r requirements.txt (line 10))
Test Suite (3.10)	Install dependencies	2025-08-25T23:38:56.4220839Z   Using cached psutil-5.9.6-cp36-abi3-manylinux_2_12_x86_64.manylinux2010_x86_64.manylinux_2_17_x86_64.manylinux2014_x86_64.whl.metadata (21 kB)
Test Suite (3.10)	Install dependencies	2025-08-25T23:38:56.5615848Z Collecting pydantic==2.5.2 (from -r requirements.txt (line 11))
Test Suite (3.10)	Install dependencies	2025-08-25T23:38:56.5630905Z   Using cached pydantic-2.5.2-py3-none-any.whl.metadata (65 kB)
Test Suite (3.10)	Install dependencies	2025-08-25T23:38:56.5779708Z Collecting pydantic-settings==2.1.0 (from -r requirements.txt (line 12))
Test Suite (3.10)	Install dependencies	2025-08-25T23:38:56.5793854Z   Using cached pydantic_settings-2.1.0-py3-none-any.whl.metadata (2.9 kB)
Test Suite (3.10)	Install dependencies	2025-08-25T23:38:56.6130189Z Collecting pytest==7.4.3 (from -r requirements.txt (line 13))
Test Suite (3.10)	Install dependencies	2025-08-25T23:38:56.6143932Z   Using cached pytest-7.4.3-py3-none-any.whl.metadata (7.9 kB)
Test Suite (3.10)	Install dependencies	2025-08-25T23:38:56.6336870Z Collecting pytest-asyncio==0.21.1 (from -r requirements.txt (line 14))
Test Suite (3.10)	Install dependencies	2025-08-25T23:38:56.6350089Z   Using cached pytest_asyncio-0.21.1-py3-none-any.whl.metadata (4.0 kB)
Test Suite (3.10)	Install dependencies	2025-08-25T23:38:56.6506896Z Collecting python-dotenv==1.0.0 (from -r requirements.txt (line 15))
Test Suite (3.10)	Install dependencies	2025-08-25T23:38:56.6520229Z   Using cached python_dotenv-1.0.0-py3-none-any.whl.metadata (21 kB)
Test Suite (3.10)	Install dependencies	2025-08-25T23:38:56.6699388Z Collecting python-jose==3.3.0 (from python-jose[cryptography]==3.3.0->-r requirements.txt (line 16))
Test Suite (3.10)	Install dependencies	2025-08-25T23:38:56.6712406Z   Using cached python_jose-3.3.0-py2.py3-none-any.whl.metadata (5.4 kB)
Test Suite (3.10)	Install dependencies	2025-08-25T23:38:56.6830321Z Collecting python-multipart==0.0.6 (from -r requirements.txt (line 17))
Test Suite (3.10)	Install dependencies	2025-08-25T23:38:56.6843518Z   Using cached python_multipart-0.0.6-py3-none-any.whl.metadata (2.5 kB)
Test Suite (3.10)	Install dependencies	2025-08-25T23:38:56.7260844Z Collecting rich==13.7.0 (from -r requirements.txt (line 18))
Test Suite (3.10)	Install dependencies	2025-08-25T23:38:56.7274910Z   Using cached rich-13.7.0-py3-none-any.whl.metadata (18 kB)
Test Suite (3.10)	Install dependencies	2025-08-25T23:38:56.7370546Z Collecting slowapi==0.1.9 (from -r requirements.txt (line 19))
Test Suite (3.10)	Install dependencies	2025-08-25T23:38:56.7383807Z   Using cached slowapi-0.1.9-py3-none-any.whl.metadata (3.0 kB)
Test Suite (3.10)	Install dependencies	2025-08-25T23:38:57.0508517Z Collecting sqlalchemy==2.0.23 (from -r requirements.txt (line 20))
Test Suite (3.10)	Install dependencies	2025-08-25T23:38:57.1006026Z   Downloading SQLAlchemy-2.0.23-cp310-cp310-manylinux_2_17_x86_64.manylinux2014_x86_64.whl.metadata (9.6 kB)
Test Suite (3.10)	Install dependencies	2025-08-25T23:38:57.1302251Z Collecting structlog==23.2.0 (from -r requirements.txt (line 21))
Test Suite (3.10)	Install dependencies	2025-08-25T23:38:57.1315389Z   Using cached structlog-23.2.0-py3-none-any.whl.metadata (7.6 kB)
Test Suite (3.10)	Install dependencies	2025-08-25T23:38:57.1588100Z Collecting uvicorn==0.24.0 (from uvicorn[standard]==0.24.0->-r requirements.txt (line 22))
Test Suite (3.10)	Install dependencies	2025-08-25T23:38:57.1600973Z   Using cached uvicorn-0.24.0-py3-none-any.whl.metadata (6.4 kB)
Test Suite (3.10)	Install dependencies	2025-08-25T23:38:57.2195770Z Collecting Mako (from alembic==1.13.1->-r requirements.txt (line 2))
Test Suite (3.10)	Install dependencies	2025-08-25T23:38:57.2209118Z   Using cached mako-1.3.10-py3-none-any.whl.metadata (2.9 kB)
Test Suite (3.10)	Install dependencies	2025-08-25T23:38:57.2392480Z Collecting typing-extensions>=4 (from alembic==1.13.1->-r requirements.txt (line 2))
Test Suite (3.10)	Install dependencies	2025-08-25T23:38:57.2409689Z   Using cached typing_extensions-4.15.0-py3-none-any.whl.metadata (3.3 kB)
Test Suite (3.10)	Install dependencies	2025-08-25T23:38:57.2587047Z Collecting anyio<4.0.0,>=3.7.1 (from fastapi==0.104.1->-r requirements.txt (line 6))
Test Suite (3.10)	Install dependencies	2025-08-25T23:38:57.2599411Z   Using cached anyio-3.7.1-py3-none-any.whl.metadata (4.7 kB)
Test Suite (3.10)	Install dependencies	2025-08-25T23:38:57.3126680Z Collecting starlette<0.28.0,>=0.27.0 (from fastapi==0.104.1->-r requirements.txt (line 6))
Test Suite (3.10)	Install dependencies	2025-08-25T23:38:57.3139416Z   Using cached starlette-0.27.0-py3-none-any.whl.metadata (5.8 kB)
Test Suite (3.10)	Install dependencies	2025-08-25T23:38:57.3285800Z Collecting annotated-types>=0.4.0 (from pydantic==2.5.2->-r requirements.txt (line 11))
Test Suite (3.10)	Install dependencies	2025-08-25T23:38:57.3298897Z   Using cached annotated_types-0.7.0-py3-none-any.whl.metadata (15 kB)
Test Suite (3.10)	Install dependencies	2025-08-25T23:38:58.1119395Z Collecting pydantic-core==2.14.5 (from pydantic==2.5.2->-r requirements.txt (line 11))
Test Suite (3.10)	Install dependencies	2025-08-25T23:38:58.1177039Z   Downloading pydantic_core-2.14.5-cp310-cp310-manylinux_2_17_x86_64.manylinux2014_x86_64.whl.metadata (6.5 kB)
Test Suite (3.10)	Install dependencies	2025-08-25T23:38:58.1447842Z Collecting certifi (from httpx==0.25.2->-r requirements.txt (line 7))
Test Suite (3.10)	Install dependencies	2025-08-25T23:38:58.1461143Z   Using cached certifi-2025.8.3-py3-none-any.whl.metadata (2.4 kB)
Test Suite (3.10)	Install dependencies	2025-08-25T23:38:58.1643899Z Collecting httpcore==1.* (from httpx==0.25.2->-r requirements.txt (line 7))
Test Suite (3.10)	Install dependencies	2025-08-25T23:38:58.1657808Z   Using cached httpcore-1.0.9-py3-none-any.whl.metadata (21 kB)
Test Suite (3.10)	Install dependencies	2025-08-25T23:38:58.1787741Z Collecting idna (from httpx==0.25.2->-r requirements.txt (line 7))
Test Suite (3.10)	Install dependencies	2025-08-25T23:38:58.1800929Z   Using cached idna-3.10-py3-none-any.whl.metadata (10 kB)
Test Suite (3.10)	Install dependencies	2025-08-25T23:38:58.1878119Z Collecting sniffio (from httpx==0.25.2->-r requirements.txt (line 7))
Test Suite (3.10)	Install dependencies	2025-08-25T23:38:58.1891216Z   Using cached sniffio-1.3.1-py3-none-any.whl.metadata (3.9 kB)
Test Suite (3.10)	Install dependencies	2025-08-25T23:38:58.2239017Z Collecting iniconfig (from pytest==7.4.3->-r requirements.txt (line 13))
Test Suite (3.10)	Install dependencies	2025-08-25T23:38:58.2251967Z   Using cached iniconfig-2.1.0-py3-none-any.whl.metadata (2.7 kB)
Test Suite (3.10)	Install dependencies	2025-08-25T23:38:58.2421151Z Collecting packaging (from pytest==7.4.3->-r requirements.txt (line 13))
Test Suite (3.10)	Install dependencies	2025-08-25T23:38:58.2434351Z   Using cached packaging-25.0-py3-none-any.whl.metadata (3.3 kB)
Test Suite (3.10)	Install dependencies	2025-08-25T23:38:58.2544519Z Collecting pluggy<2.0,>=0.12 (from pytest==7.4.3->-r requirements.txt (line 13))
Test Suite (3.10)	Install dependencies	2025-08-25T23:38:58.2557893Z   Using cached pluggy-1.6.0-py3-none-any.whl.metadata (4.8 kB)
Test Suite (3.10)	Install dependencies	2025-08-25T23:38:58.2695337Z Collecting exceptiongroup>=1.0.0rc8 (from pytest==7.4.3->-r requirements.txt (line 13))
Test Suite (3.10)	Install dependencies	2025-08-25T23:38:58.2708730Z   Using cached exceptiongroup-1.3.0-py3-none-any.whl.metadata (6.7 kB)
Test Suite (3.10)	Install dependencies	2025-08-25T23:38:58.2850308Z Collecting tomli>=1.0.0 (from pytest==7.4.3->-r requirements.txt (line 13))
Test Suite (3.10)	Install dependencies	2025-08-25T23:38:58.2863535Z   Using cached tomli-2.2.1-py3-none-any.whl.metadata (10 kB)
Test Suite (3.10)	Install dependencies	2025-08-25T23:38:58.3095385Z Collecting ecdsa!=0.15 (from python-jose==3.3.0->python-jose[cryptography]==3.3.0->-r requirements.txt (line 16))
Test Suite (3.10)	Install dependencies	2025-08-25T23:38:58.3108342Z   Using cached ecdsa-0.19.1-py2.py3-none-any.whl.metadata (29 kB)
Test Suite (3.10)	Install dependencies	2025-08-25T23:38:58.3272651Z Collecting rsa (from python-jose==3.3.0->python-jose[cryptography]==3.3.0->-r requirements.txt (line 16))
Test Suite (3.10)	Install dependencies	2025-08-25T23:38:58.3286280Z   Using cached rsa-4.9.1-py3-none-any.whl.metadata (5.6 kB)
Test Suite (3.10)	Install dependencies	2025-08-25T23:38:58.3492135Z Collecting pyasn1 (from python-jose==3.3.0->python-jose[cryptography]==3.3.0->-r requirements.txt (line 16))
Test Suite (3.10)	Install dependencies	2025-08-25T23:38:58.3505869Z   Using cached pyasn1-0.6.1-py3-none-any.whl.metadata (8.4 kB)
Test Suite (3.10)	Install dependencies	2025-08-25T23:38:58.3765884Z Collecting markdown-it-py>=2.2.0 (from rich==13.7.0->-r requirements.txt (line 18))
Test Suite (3.10)	Install dependencies	2025-08-25T23:38:58.3779456Z   Using cached markdown_it_py-4.0.0-py3-none-any.whl.metadata (7.3 kB)
Test Suite (3.10)	Install dependencies	2025-08-25T23:38:58.4039284Z Collecting pygments<3.0.0,>=2.13.0 (from rich==13.7.0->-r requirements.txt (line 18))
Test Suite (3.10)	Install dependencies	2025-08-25T23:38:58.4052439Z   Using cached pygments-2.19.2-py3-none-any.whl.metadata (2.5 kB)
Test Suite (3.10)	Install dependencies	2025-08-25T23:38:58.4309985Z Collecting limits>=2.3 (from slowapi==0.1.9->-r requirements.txt (line 19))
Test Suite (3.10)	Install dependencies	2025-08-25T23:38:58.4323079Z   Using cached limits-5.5.0-py3-none-any.whl.metadata (10 kB)
Test Suite (3.10)	Install dependencies	2025-08-25T23:38:58.6348442Z Collecting greenlet!=0.4.17 (from sqlalchemy==2.0.23->-r requirements.txt (line 20))
Test Suite (3.10)	Install dependencies	2025-08-25T23:38:58.6389237Z   Downloading greenlet-3.2.4-cp310-cp310-manylinux_2_24_x86_64.manylinux_2_28_x86_64.whl.metadata (4.1 kB)
Test Suite (3.10)	Install dependencies	2025-08-25T23:38:58.6589192Z Collecting h11>=0.8 (from uvicorn==0.24.0->uvicorn[standard]==0.24.0->-r requirements.txt (line 22))
Test Suite (3.10)	Install dependencies	2025-08-25T23:38:58.6602308Z   Using cached h11-0.16.0-py3-none-any.whl.metadata (8.3 kB)
Test Suite (3.10)	Install dependencies	2025-08-25T23:38:58.7317467Z Collecting httptools>=0.5.0 (from uvicorn[standard]==0.24.0->-r requirements.txt (line 22))
Test Suite (3.10)	Install dependencies	2025-08-25T23:38:58.7353203Z   Downloading httptools-0.6.4-cp310-cp310-manylinux_2_5_x86_64.manylinux1_x86_64.manylinux_2_17_x86_64.manylinux2014_x86_64.whl.metadata (3.6 kB)
Test Suite (3.10)	Install dependencies	2025-08-25T23:38:58.7793141Z Collecting pyyaml>=5.1 (from uvicorn[standard]==0.24.0->-r requirements.txt (line 22))
Test Suite (3.10)	Install dependencies	2025-08-25T23:38:58.7829254Z   Downloading PyYAML-6.0.2-cp310-cp310-manylinux_2_17_x86_64.manylinux2014_x86_64.whl.metadata (2.1 kB)
Test Suite (3.10)	Install dependencies	2025-08-25T23:38:58.8283947Z Collecting uvloop!=0.15.0,!=0.15.1,>=0.14.0 (from uvicorn[standard]==0.24.0->-r requirements.txt (line 22))
Test Suite (3.10)	Install dependencies	2025-08-25T23:38:58.8321571Z   Downloading uvloop-0.21.0-cp310-cp310-manylinux_2_17_x86_64.manylinux2014_x86_64.whl.metadata (4.9 kB)
Test Suite (3.10)	Install dependencies	2025-08-25T23:38:58.9152556Z Collecting watchfiles>=0.13 (from uvicorn[standard]==0.24.0->-r requirements.txt (line 22))
Test Suite (3.10)	Install dependencies	2025-08-25T23:38:58.9193281Z   Downloading watchfiles-1.1.0-cp310-cp310-manylinux_2_17_x86_64.manylinux2014_x86_64.whl.metadata (4.9 kB)
Test Suite (3.10)	Install dependencies	2025-08-25T23:38:59.0227600Z Collecting websockets>=10.4 (from uvicorn[standard]==0.24.0->-r requirements.txt (line 22))
Test Suite (3.10)	Install dependencies	2025-08-25T23:38:59.0266423Z   Downloading websockets-15.0.1-cp310-cp310-manylinux_2_5_x86_64.manylinux1_x86_64.manylinux_2_17_x86_64.manylinux2014_x86_64.whl.metadata (6.8 kB)
Test Suite (3.10)	Install dependencies	2025-08-25T23:38:59.1713988Z Collecting cffi>=1.14 (from cryptography>=41.0.0->-r requirements.txt (line 5))
Test Suite (3.10)	Install dependencies	2025-08-25T23:38:59.1749407Z   Downloading cffi-1.17.1-cp310-cp310-manylinux_2_17_x86_64.manylinux2014_x86_64.whl.metadata (1.5 kB)
Test Suite (3.10)	Install dependencies	2025-08-25T23:38:59.1885436Z Collecting pycparser (from cffi>=1.14->cryptography>=41.0.0->-r requirements.txt (line 5))
Test Suite (3.10)	Install dependencies	2025-08-25T23:38:59.1898830Z   Using cached pycparser-2.22-py3-none-any.whl.metadata (943 bytes)
Test Suite (3.10)	Install dependencies	2025-08-25T23:38:59.2032805Z Collecting six>=1.9.0 (from ecdsa!=0.15->python-jose==3.3.0->python-jose[cryptography]==3.3.0->-r requirements.txt (line 16))
Test Suite (3.10)	Install dependencies	2025-08-25T23:38:59.2046351Z   Using cached six-1.17.0-py2.py3-none-any.whl.metadata (1.7 kB)
Test Suite (3.10)	Install dependencies	2025-08-25T23:38:59.2330697Z Collecting deprecated>=1.2 (from limits>=2.3->slowapi==0.1.9->-r requirements.txt (line 19))
Test Suite (3.10)	Install dependencies	2025-08-25T23:38:59.2344971Z   Using cached Deprecated-1.2.18-py2.py3-none-any.whl.metadata (5.7 kB)
Test Suite (3.10)	Install dependencies	2025-08-25T23:38:59.4220950Z Collecting wrapt<2,>=1.10 (from deprecated>=1.2->limits>=2.3->slowapi==0.1.9->-r requirements.txt (line 19))
Test Suite (3.10)	Install dependencies	2025-08-25T23:38:59.4262483Z   Downloading wrapt-1.17.3-cp310-cp310-manylinux1_x86_64.manylinux_2_28_x86_64.manylinux_2_5_x86_64.whl.metadata (6.4 kB)
Test Suite (3.10)	Install dependencies	2025-08-25T23:38:59.4539804Z Collecting mdurl~=0.1 (from markdown-it-py>=2.2.0->rich==13.7.0->-r requirements.txt (line 18))
Test Suite (3.10)	Install dependencies	2025-08-25T23:38:59.4552735Z   Using cached mdurl-0.1.2-py3-none-any.whl.metadata (1.6 kB)
Test Suite (3.10)	Install dependencies	2025-08-25T23:38:59.5430557Z Collecting MarkupSafe>=0.9.2 (from Mako->alembic==1.13.1->-r requirements.txt (line 2))
Test Suite (3.10)	Install dependencies	2025-08-25T23:38:59.5467416Z   Downloading MarkupSafe-3.0.2-cp310-cp310-manylinux_2_17_x86_64.manylinux2014_x86_64.whl.metadata (4.0 kB)
Test Suite (3.10)	Install dependencies	2025-08-25T23:38:59.5650886Z Using cached aiosqlite-0.19.0-py3-none-any.whl (15 kB)
Test Suite (3.10)	Install dependencies	2025-08-25T23:38:59.5663250Z Using cached alembic-1.13.1-py3-none-any.whl (233 kB)
Test Suite (3.10)	Install dependencies	2025-08-25T23:38:59.5677029Z Using cached click-8.1.7-py3-none-any.whl (97 kB)
Test Suite (3.10)	Install dependencies	2025-08-25T23:38:59.5689643Z Using cached fastapi-0.104.1-py3-none-any.whl (92 kB)
Test Suite (3.10)	Install dependencies	2025-08-25T23:38:59.5702467Z Using cached pydantic-2.5.2-py3-none-any.whl (381 kB)
Test Suite (3.10)	Install dependencies	2025-08-25T23:38:59.5717546Z Using cached httpx-0.25.2-py3-none-any.whl (74 kB)
Test Suite (3.10)	Install dependencies	2025-08-25T23:38:59.5730255Z Using cached passlib-1.7.4-py2.py3-none-any.whl (525 kB)
Test Suite (3.10)	Install dependencies	2025-08-25T23:38:59.5746520Z Using cached prometheus_client-0.19.0-py3-none-any.whl (54 kB)
Test Suite (3.10)	Install dependencies	2025-08-25T23:38:59.5759486Z Using cached psutil-5.9.6-cp36-abi3-manylinux_2_12_x86_64.manylinux2010_x86_64.manylinux_2_17_x86_64.manylinux2014_x86_64.whl (283 kB)
Test Suite (3.10)	Install dependencies	2025-08-25T23:38:59.5773295Z Using cached pydantic_settings-2.1.0-py3-none-any.whl (11 kB)
Test Suite (3.10)	Install dependencies	2025-08-25T23:38:59.5786024Z Using cached pytest-7.4.3-py3-none-any.whl (325 kB)
Test Suite (3.10)	Install dependencies	2025-08-25T23:38:59.5800440Z Using cached pytest_asyncio-0.21.1-py3-none-any.whl (13 kB)
Test Suite (3.10)	Install dependencies	2025-08-25T23:38:59.5812599Z Using cached python_dotenv-1.0.0-py3-none-any.whl (19 kB)
Test Suite (3.10)	Install dependencies	2025-08-25T23:38:59.5824984Z Using cached python_jose-3.3.0-py2.py3-none-any.whl (33 kB)
Test Suite (3.10)	Install dependencies	2025-08-25T23:38:59.5837273Z Using cached python_multipart-0.0.6-py3-none-any.whl (45 kB)
Test Suite (3.10)	Install dependencies	2025-08-25T23:38:59.5849482Z Using cached rich-13.7.0-py3-none-any.whl (240 kB)
Test Suite (3.10)	Install dependencies	2025-08-25T23:38:59.5862999Z Using cached slowapi-0.1.9-py3-none-any.whl (14 kB)
Test Suite (3.10)	Install dependencies	2025-08-25T23:38:59.5915493Z Downloading SQLAlchemy-2.0.23-cp310-cp310-manylinux_2_17_x86_64.manylinux2014_x86_64.whl (3.0 MB)
Test Suite (3.10)	Install dependencies	2025-08-25T23:38:59.6148653Z    â”â”â”â”â”â”â”â”â”â”â”â”â”â”â”â”â”â”â”â”â”â”â”â”â”â”â”â”â”â”â”â”â”â”â”â”â”â”â”â” 3.0/3.0 MB 159.4 MB/s  0:00:00
Test Suite (3.10)	Install dependencies	2025-08-25T23:38:59.6162146Z Using cached structlog-23.2.0-py3-none-any.whl (62 kB)
Test Suite (3.10)	Install dependencies	2025-08-25T23:38:59.6175243Z Using cached uvicorn-0.24.0-py3-none-any.whl (59 kB)
Test Suite (3.10)	Install dependencies	2025-08-25T23:38:59.6262914Z Downloading pydantic_core-2.14.5-cp310-cp310-manylinux_2_17_x86_64.manylinux2014_x86_64.whl (2.1 MB)
Test Suite (3.10)	Install dependencies	2025-08-25T23:38:59.6611467Z    â”â”â”â”â”â”â”â”â”â”â”â”â”â”â”â”â”â”â”â”â”â”â”â”â”â”â”â”â”â”â”â”â”â”â”â”â”â”â”â” 2.1/2.1 MB 60.4 MB/s  0:00:00
Test Suite (3.10)	Install dependencies	2025-08-25T23:38:59.6624840Z Using cached anyio-3.7.1-py3-none-any.whl (80 kB)
Test Suite (3.10)	Install dependencies	2025-08-25T23:38:59.6638145Z Using cached httpcore-1.0.9-py3-none-any.whl (78 kB)
Test Suite (3.10)	Install dependencies	2025-08-25T23:38:59.6651220Z Using cached pluggy-1.6.0-py3-none-any.whl (20 kB)
Test Suite (3.10)	Install dependencies	2025-08-25T23:38:59.6664011Z Using cached pygments-2.19.2-py3-none-any.whl (1.2 MB)
Test Suite (3.10)	Install dependencies	2025-08-25T23:38:59.6685323Z Using cached starlette-0.27.0-py3-none-any.whl (66 kB)
Test Suite (3.10)	Install dependencies	2025-08-25T23:38:59.6698635Z Using cached bcrypt-4.3.0-cp39-abi3-manylinux_2_34_x86_64.whl (284 kB)
Test Suite (3.10)	Install dependencies	2025-08-25T23:38:59.6713639Z Using cached cryptography-45.0.6-cp37-abi3-manylinux_2_34_x86_64.whl (4.4 MB)
Test Suite (3.10)	Install dependencies	2025-08-25T23:38:59.6757838Z Using cached annotated_types-0.7.0-py3-none-any.whl (13 kB)
Test Suite (3.10)	Install dependencies	2025-08-25T23:38:59.6786984Z Downloading cffi-1.17.1-cp310-cp310-manylinux_2_17_x86_64.manylinux2014_x86_64.whl (446 kB)
Test Suite (3.10)	Install dependencies	2025-08-25T23:38:59.6838290Z Using cached ecdsa-0.19.1-py2.py3-none-any.whl (150 kB)
Test Suite (3.10)	Install dependencies	2025-08-25T23:38:59.6851750Z Using cached exceptiongroup-1.3.0-py3-none-any.whl (16 kB)
Test Suite (3.10)	Install dependencies	2025-08-25T23:38:59.6890668Z Downloading greenlet-3.2.4-cp310-cp310-manylinux_2_24_x86_64.manylinux_2_28_x86_64.whl (584 kB)
Test Suite (3.10)	Install dependencies	2025-08-25T23:38:59.6952100Z    â”â”â”â”â”â”â”â”â”â”â”â”â”â”â”â”â”â”â”â”â”â”â”â”â”â”â”â”â”â”â”â”â”â”â”â”â”â”â”â” 584.4/584.4 kB 88.4 MB/s  0:00:00
Test Suite (3.10)	Install dependencies	2025-08-25T23:38:59.6965201Z Using cached h11-0.16.0-py3-none-any.whl (37 kB)
Test Suite (3.10)	Install dependencies	2025-08-25T23:38:59.6997940Z Downloading httptools-0.6.4-cp310-cp310-manylinux_2_5_x86_64.manylinux1_x86_64.manylinux_2_17_x86_64.manylinux2014_x86_64.whl (442 kB)
Test Suite (3.10)	Install dependencies	2025-08-25T23:38:59.7048165Z Using cached idna-3.10-py3-none-any.whl (70 kB)
Test Suite (3.10)	Install dependencies	2025-08-25T23:38:59.7061058Z Using cached limits-5.5.0-py3-none-any.whl (60 kB)
Test Suite (3.10)	Install dependencies	2025-08-25T23:38:59.7074146Z Using cached Deprecated-1.2.18-py2.py3-none-any.whl (10.0 kB)
Test Suite (3.10)	Install dependencies	2025-08-25T23:38:59.7104249Z Downloading wrapt-1.17.3-cp310-cp310-manylinux1_x86_64.manylinux_2_28_x86_64.manylinux_2_5_x86_64.whl (81 kB)
Test Suite (3.10)	Install dependencies	2025-08-25T23:38:59.7141268Z Using cached markdown_it_py-4.0.0-py3-none-any.whl (87 kB)
Test Suite (3.10)	Install dependencies	2025-08-25T23:38:59.7154683Z Using cached mdurl-0.1.2-py3-none-any.whl (10.0 kB)
Test Suite (3.10)	Install dependencies	2025-08-25T23:38:59.7167296Z Using cached packaging-25.0-py3-none-any.whl (66 kB)
Test Suite (3.10)	Install dependencies	2025-08-25T23:38:59.7199405Z Downloading PyYAML-6.0.2-cp310-cp310-manylinux_2_17_x86_64.manylinux2014_x86_64.whl (751 kB)
Test Suite (3.10)	Install dependencies	2025-08-25T23:38:59.7267265Z    â”â”â”â”â”â”â”â”â”â”â”â”â”â”â”â”â”â”â”â”â”â”â”â”â”â”â”â”â”â”â”â”â”â”â”â”â”â”â”â” 751.2/751.2 kB 118.6 MB/s  0:00:00
Test Suite (3.10)	Install dependencies	2025-08-25T23:38:59.7280675Z Using cached six-1.17.0-py2.py3-none-any.whl (11 kB)
Test Suite (3.10)	Install dependencies	2025-08-25T23:38:59.7293460Z Using cached sniffio-1.3.1-py3-none-any.whl (10 kB)
Test Suite (3.10)	Install dependencies	2025-08-25T23:38:59.7305947Z Using cached tomli-2.2.1-py3-none-any.whl (14 kB)
Test Suite (3.10)	Install dependencies	2025-08-25T23:38:59.7318429Z Using cached typing_extensions-4.15.0-py3-none-any.whl (44 kB)
Test Suite (3.10)	Install dependencies	2025-08-25T23:38:59.7354374Z Downloading uvloop-0.21.0-cp310-cp310-manylinux_2_17_x86_64.manylinux2014_x86_64.whl (3.8 MB)
Test Suite (3.10)	Install dependencies	2025-08-25T23:38:59.7596663Z    â”â”â”â”â”â”â”â”â”â”â”â”â”â”â”â”â”â”â”â”â”â”â”â”â”â”â”â”â”â”â”â”â”â”â”â”â”â”â”â” 3.8/3.8 MB 172.6 MB/s  0:00:00
Test Suite (3.10)	Install dependencies	2025-08-25T23:38:59.7637279Z Downloading watchfiles-1.1.0-cp310-cp310-manylinux_2_17_x86_64.manylinux2014_x86_64.whl (453 kB)
Test Suite (3.10)	Install dependencies	2025-08-25T23:38:59.7737203Z Downloading websockets-15.0.1-cp310-cp310-manylinux_2_5_x86_64.manylinux1_x86_64.manylinux_2_17_x86_64.manylinux2014_x86_64.whl (181 kB)
Test Suite (3.10)	Install dependencies	2025-08-25T23:38:59.7797749Z Using cached certifi-2025.8.3-py3-none-any.whl (161 kB)
Test Suite (3.10)	Install dependencies	2025-08-25T23:38:59.7811487Z Using cached iniconfig-2.1.0-py3-none-any.whl (6.0 kB)
Test Suite (3.10)	Install dependencies	2025-08-25T23:38:59.7824149Z Using cached mako-1.3.10-py3-none-any.whl (78 kB)
Test Suite (3.10)	Install dependencies	2025-08-25T23:38:59.7854768Z Downloading MarkupSafe-3.0.2-cp310-cp310-manylinux_2_17_x86_64.manylinux2014_x86_64.whl (20 kB)
Test Suite (3.10)	Install dependencies	2025-08-25T23:38:59.7889643Z Using cached pyasn1-0.6.1-py3-none-any.whl (83 kB)
Test Suite (3.10)	Install dependencies	2025-08-25T23:38:59.7902461Z Using cached pycparser-2.22-py3-none-any.whl (117 kB)
Test Suite (3.10)	Install dependencies	2025-08-25T23:38:59.7915798Z Using cached rsa-4.9.1-py3-none-any.whl (34 kB)
Test Suite (3.10)	Install dependencies	2025-08-25T23:38:59.9890662Z Installing collected packages: passlib, wrapt, websockets, uvloop, typing-extensions, tomli, structlog, sniffio, six, pyyaml, python-multipart, python-dotenv, pygments, pycparser, pyasn1, psutil, prometheus-client, pluggy, packaging, mdurl, MarkupSafe, iniconfig, idna, httptools, h11, greenlet, click, certifi, bcrypt, annotated-types, aiosqlite, uvicorn, sqlalchemy, rsa, pydantic-core, markdown-it-py, Mako, httpcore, exceptiongroup, ecdsa, deprecated, cffi, rich, python-jose, pytest, pydantic, limits, cryptography, anyio, alembic, watchfiles, starlette, slowapi, pytest-asyncio, pydantic-settings, httpx, fastapi
Test Suite (3.10)	Install dependencies	2025-08-25T23:39:04.4862394Z
Test Suite (3.10)	Install dependencies	2025-08-25T23:39:04.4957874Z Successfully installed Mako-1.3.10 MarkupSafe-3.0.2 aiosqlite-0.19.0 alembic-1.13.1 annotated-types-0.7.0 anyio-3.7.1 bcrypt-4.3.0 certifi-2025.8.3 cffi-1.17.1 click-8.1.7 cryptography-45.0.6 deprecated-1.2.18 ecdsa-0.19.1 exceptiongroup-1.3.0 fastapi-0.104.1 greenlet-3.2.4 h11-0.16.0 httpcore-1.0.9 httptools-0.6.4 httpx-0.25.2 idna-3.10 iniconfig-2.1.0 limits-5.5.0 markdown-it-py-4.0.0 mdurl-0.1.2 packaging-25.0 passlib-1.7.4 pluggy-1.6.0 prometheus-client-0.19.0 psutil-5.9.6 pyasn1-0.6.1 pycparser-2.22 pydantic-2.5.2 pydantic-core-2.14.5 pydantic-settings-2.1.0 pygments-2.19.2 pytest-7.4.3 pytest-asyncio-0.21.1 python-dotenv-1.0.0 python-jose-3.3.0 python-multipart-0.0.6 pyyaml-6.0.2 rich-13.7.0 rsa-4.9.1 six-1.17.0 slowapi-0.1.9 sniffio-1.3.1 sqlalchemy-2.0.23 starlette-0.27.0 structlog-23.2.0 tomli-2.2.1 typing-extensions-4.15.0 uvicorn-0.24.0 uvloop-0.21.0 watchfiles-1.1.0 websockets-15.0.1 wrapt-1.17.3
Test Suite (3.10)	Install dependencies	2025-08-25T23:39:05.3489020Z Collecting bandit>=1.7.0 (from -r requirements-dev.txt (line 6))
Test Suite (3.10)	Install dependencies	2025-08-25T23:39:05.3503136Z   Using cached bandit-1.8.6-py3-none-any.whl.metadata (6.9 kB)
Test Suite (3.10)	Install dependencies	2025-08-25T23:39:05.4145817Z Collecting black>=23.0.0 (from -r requirements-dev.txt (line 8))
Test Suite (3.10)	Install dependencies	2025-08-25T23:39:05.4592750Z   Downloading black-25.1.0-cp310-cp310-manylinux_2_17_x86_64.manylinux2014_x86_64.manylinux_2_28_x86_64.whl.metadata (81 kB)
Test Suite (3.10)	Install dependencies	2025-08-25T23:39:05.4990226Z Collecting flake8>=6.0.0 (from -r requirements-dev.txt (line 9))
Test Suite (3.10)	Install dependencies	2025-08-25T23:39:05.5003907Z   Using cached flake8-7.3.0-py2.py3-none-any.whl.metadata (3.8 kB)
Test Suite (3.10)	Install dependencies	2025-08-25T23:39:05.5323041Z Collecting isort>=5.12.0 (from -r requirements-dev.txt (line 10))
Test Suite (3.10)	Install dependencies	2025-08-25T23:39:05.5336929Z   Using cached isort-6.0.1-py3-none-any.whl.metadata (11 kB)
Test Suite (3.10)	Install dependencies	2025-08-25T23:39:05.6484458Z Collecting mypy>=1.5.0 (from -r requirements-dev.txt (line 11))
Test Suite (3.10)	Install dependencies	2025-08-25T23:39:05.6534148Z   Downloading mypy-1.17.1-cp310-cp310-manylinux2014_x86_64.manylinux_2_17_x86_64.manylinux_2_28_x86_64.whl.metadata (2.2 kB)
Test Suite (3.10)	Install dependencies	2025-08-25T23:39:05.6759596Z Collecting pip-audit>=2.6.0 (from -r requirements-dev.txt (line 12))
Test Suite (3.10)	Install dependencies	2025-08-25T23:39:05.6773117Z   Using cached pip_audit-2.9.0-py3-none-any.whl.metadata (27 kB)
Test Suite (3.10)	Install dependencies	2025-08-25T23:39:05.7165128Z Collecting pre-commit>=3.3.0 (from -r requirements-dev.txt (line 15))
Test Suite (3.10)	Install dependencies	2025-08-25T23:39:05.7179226Z   Using cached pre_commit-4.3.0-py2.py3-none-any.whl.metadata (1.2 kB)
Test Suite (3.10)	Install dependencies	2025-08-25T23:39:05.7317189Z Collecting pytest-cov>=4.1.0 (from -r requirements-dev.txt (line 18))
Test Suite (3.10)	Install dependencies	2025-08-25T23:39:05.7330299Z   Using cached pytest_cov-6.2.1-py3-none-any.whl.metadata (30 kB)
Test Suite (3.10)	Install dependencies	2025-08-25T23:39:05.7592140Z Collecting safety>=2.3.0 (from -r requirements-dev.txt (line 19))
Test Suite (3.10)	Install dependencies	2025-08-25T23:39:05.7606649Z   Using cached safety-3.6.0-py3-none-any.whl.metadata (11 kB)
Test Suite (3.10)	Install dependencies	2025-08-25T23:39:05.7931823Z Collecting types-requests>=2.31.0 (from -r requirements-dev.txt (line 22))
Test Suite (3.10)	Install dependencies	2025-08-25T23:39:05.7947614Z   Using cached types_requests-2.32.4.20250809-py3-none-any.whl.metadata (2.0 kB)
Test Suite (3.10)	Install dependencies	2025-08-25T23:39:05.8063626Z Collecting types-python-jose>=3.3.0 (from -r requirements-dev.txt (line 23))
Test Suite (3.10)	Install dependencies	2025-08-25T23:39:05.8077512Z   Using cached types_python_jose-3.5.0.20250531-py3-none-any.whl.metadata (1.9 kB)
Test Suite (3.10)	Install dependencies	2025-08-25T23:39:05.8248797Z Collecting types-passlib>=1.7.0 (from -r requirements-dev.txt (line 24))
Test Suite (3.10)	Install dependencies	2025-08-25T23:39:05.8262131Z   Using cached types_passlib-1.7.7.20250602-py3-none-any.whl.metadata (1.8 kB)
Test Suite (3.10)	Install dependencies	2025-08-25T23:39:05.8278088Z Requirement already satisfied: PyYAML>=5.3.1 in /opt/hostedtoolcache/Python/3.10.18/x64/lib/python3.10/site-packages (from bandit>=1.7.0->-r requirements-dev.txt (line 6)) (6.0.2)
Test Suite (3.10)	Install dependencies	2025-08-25T23:39:05.8495171Z Collecting stevedore>=1.20.0 (from bandit>=1.7.0->-r requirements-dev.txt (line 6))
Test Suite (3.10)	Install dependencies	2025-08-25T23:39:05.8508602Z   Using cached stevedore-5.5.0-py3-none-any.whl.metadata (2.2 kB)
Test Suite (3.10)	Install dependencies	2025-08-25T23:39:05.8518868Z Requirement already satisfied: rich in /opt/hostedtoolcache/Python/3.10.18/x64/lib/python3.10/site-packages (from bandit>=1.7.0->-r requirements-dev.txt (line 6)) (13.7.0)
Test Suite (3.10)	Install dependencies	2025-08-25T23:39:05.8529945Z Requirement already satisfied: click>=8.0.0 in /opt/hostedtoolcache/Python/3.10.18/x64/lib/python3.10/site-packages (from black>=23.0.0->-r requirements-dev.txt (line 8)) (8.1.7)
Test Suite (3.10)	Install dependencies	2025-08-25T23:39:05.8600280Z Collecting mypy-extensions>=0.4.3 (from black>=23.0.0->-r requirements-dev.txt (line 8))
Test Suite (3.10)	Install dependencies	2025-08-25T23:39:05.8613502Z   Using cached mypy_extensions-1.1.0-py3-none-any.whl.metadata (1.1 kB)
Test Suite (3.10)	Install dependencies	2025-08-25T23:39:05.8624276Z Requirement already satisfied: packaging>=22.0 in /opt/hostedtoolcache/Python/3.10.18/x64/lib/python3.10/site-packages (from black>=23.0.0->-r requirements-dev.txt (line 8)) (25.0)
Test Suite (3.10)	Install dependencies	2025-08-25T23:39:05.8717591Z Collecting pathspec>=0.9.0 (from black>=23.0.0->-r requirements-dev.txt (line 8))
Test Suite (3.10)	Install dependencies	2025-08-25T23:39:05.8730473Z   Using cached pathspec-0.12.1-py3-none-any.whl.metadata (21 kB)
Test Suite (3.10)	Install dependencies	2025-08-25T23:39:05.8911016Z Collecting platformdirs>=2 (from black>=23.0.0->-r requirements-dev.txt (line 8))
Test Suite (3.10)	Install dependencies	2025-08-25T23:39:05.8923826Z   Using cached platformdirs-4.3.8-py3-none-any.whl.metadata (12 kB)
Test Suite (3.10)	Install dependencies	2025-08-25T23:39:05.8960365Z Requirement already satisfied: tomli>=1.1.0 in /opt/hostedtoolcache/Python/3.10.18/x64/lib/python3.10/site-packages (from black>=23.0.0->-r requirements-dev.txt (line 8)) (2.2.1)
Test Suite (3.10)	Install dependencies	2025-08-25T23:39:05.8968877Z Requirement already satisfied: typing-extensions>=4.0.1 in /opt/hostedtoolcache/Python/3.10.18/x64/lib/python3.10/site-packages (from black>=23.0.0->-r requirements-dev.txt (line 8)) (4.15.0)
Test Suite (3.10)	Install dependencies	2025-08-25T23:39:05.9049139Z Collecting mccabe<0.8.0,>=0.7.0 (from flake8>=6.0.0->-r requirements-dev.txt (line 9))
Test Suite (3.10)	Install dependencies	2025-08-25T23:39:05.9061824Z   Using cached mccabe-0.7.0-py2.py3-none-any.whl.metadata (5.0 kB)
Test Suite (3.10)	Install dependencies	2025-08-25T23:39:05.9170013Z Collecting pycodestyle<2.15.0,>=2.14.0 (from flake8>=6.0.0->-r requirements-dev.txt (line 9))
Test Suite (3.10)	Install dependencies	2025-08-25T23:39:05.9182678Z   Using cached pycodestyle-2.14.0-py2.py3-none-any.whl.metadata (4.5 kB)
Test Suite (3.10)	Install dependencies	2025-08-25T23:39:05.9296802Z Collecting pyflakes<3.5.0,>=3.4.0 (from flake8>=6.0.0->-r requirements-dev.txt (line 9))
Test Suite (3.10)	Install dependencies	2025-08-25T23:39:05.9309400Z   Using cached pyflakes-3.4.0-py2.py3-none-any.whl.metadata (3.5 kB)
Test Suite (3.10)	Install dependencies	2025-08-25T23:39:05.9479420Z Collecting CacheControl>=0.13.0 (from CacheControl[filecache]>=0.13.0->pip-audit>=2.6.0->-r requirements-dev.txt (line 12))
Test Suite (3.10)	Install dependencies	2025-08-25T23:39:05.9492749Z   Using cached cachecontrol-0.14.3-py3-none-any.whl.metadata (3.1 kB)
Test Suite (3.10)	Install dependencies	2025-08-25T23:39:05.9891272Z Collecting cyclonedx-python-lib<10,>=5 (from pip-audit>=2.6.0->-r requirements-dev.txt (line 12))
Test Suite (3.10)	Install dependencies	2025-08-25T23:39:05.9904074Z   Using cached cyclonedx_python_lib-9.1.0-py3-none-any.whl.metadata (6.5 kB)
Test Suite (3.10)	Install dependencies	2025-08-25T23:39:06.0077511Z Collecting pip-api>=0.0.28 (from pip-audit>=2.6.0->-r requirements-dev.txt (line 12))
Test Suite (3.10)	Install dependencies	2025-08-25T23:39:06.0090151Z   Using cached pip_api-0.0.34-py3-none-any.whl.metadata (6.6 kB)
Test Suite (3.10)	Install dependencies	2025-08-25T23:39:06.0176846Z Collecting pip-requirements-parser>=32.0.0 (from pip-audit>=2.6.0->-r requirements-dev.txt (line 12))
Test Suite (3.10)	Install dependencies	2025-08-25T23:39:06.0189543Z   Using cached pip_requirements_parser-32.0.1-py3-none-any.whl.metadata (9.3 kB)
Test Suite (3.10)	Install dependencies	2025-08-25T23:39:06.0454495Z Collecting requests>=2.31.0 (from pip-audit>=2.6.0->-r requirements-dev.txt (line 12))
Test Suite (3.10)	Install dependencies	2025-08-25T23:39:06.0467372Z   Using cached requests-2.32.5-py3-none-any.whl.metadata (4.9 kB)
Test Suite (3.10)	Install dependencies	2025-08-25T23:39:06.0571442Z Collecting toml>=0.10 (from pip-audit>=2.6.0->-r requirements-dev.txt (line 12))
Test Suite (3.10)	Install dependencies	2025-08-25T23:39:06.0584022Z   Using cached toml-0.10.2-py2.py3-none-any.whl.metadata (7.1 kB)
Test Suite (3.10)	Install dependencies	2025-08-25T23:39:06.0808156Z Collecting license-expression<31,>=30 (from cyclonedx-python-lib<10,>=5->pip-audit>=2.6.0->-r requirements-dev.txt (line 12))
Test Suite (3.10)	Install dependencies	2025-08-25T23:39:06.0820592Z   Using cached license_expression-30.4.4-py3-none-any.whl.metadata (11 kB)
Test Suite (3.10)	Install dependencies	2025-08-25T23:39:06.1047082Z Collecting packageurl-python<2,>=0.11 (from cyclonedx-python-lib<10,>=5->pip-audit>=2.6.0->-r requirements-dev.txt (line 12))
Test Suite (3.10)	Install dependencies	2025-08-25T23:39:06.1059696Z   Using cached packageurl_python-0.17.5-py3-none-any.whl.metadata (5.1 kB)
Test Suite (3.10)	Install dependencies	2025-08-25T23:39:06.1281179Z Collecting py-serializable<3.0.0,>=2.0.0 (from cyclonedx-python-lib<10,>=5->pip-audit>=2.6.0->-r requirements-dev.txt (line 12))
Test Suite (3.10)	Install dependencies	2025-08-25T23:39:06.1293702Z   Using cached py_serializable-2.1.0-py3-none-any.whl.metadata (4.3 kB)
Test Suite (3.10)	Install dependencies	2025-08-25T23:39:06.1411917Z Collecting sortedcontainers<3.0.0,>=2.4.0 (from cyclonedx-python-lib<10,>=5->pip-audit>=2.6.0->-r requirements-dev.txt (line 12))
Test Suite (3.10)	Install dependencies	2025-08-25T23:39:06.1424437Z   Using cached sortedcontainers-2.4.0-py2.py3-none-any.whl.metadata (10 kB)
Test Suite (3.10)	Install dependencies	2025-08-25T23:39:06.1538167Z Collecting boolean.py>=4.0 (from license-expression<31,>=30->cyclonedx-python-lib<10,>=5->pip-audit>=2.6.0->-r requirements-dev.txt (line 12))
Test Suite (3.10)	Install dependencies	2025-08-25T23:39:06.1550289Z   Using cached boolean_py-5.0-py3-none-any.whl.metadata (2.3 kB)
Test Suite (3.10)	Install dependencies	2025-08-25T23:39:06.1681124Z Collecting defusedxml<0.8.0,>=0.7.1 (from py-serializable<3.0.0,>=2.0.0->cyclonedx-python-lib<10,>=5->pip-audit>=2.6.0->-r requirements-dev.txt (line 12))
Test Suite (3.10)	Install dependencies	2025-08-25T23:39:06.1693296Z   Using cached defusedxml-0.7.1-py2.py3-none-any.whl.metadata (32 kB)
Test Suite (3.10)	Install dependencies	2025-08-25T23:39:06.1835702Z Collecting cfgv>=2.0.0 (from pre-commit>=3.3.0->-r requirements-dev.txt (line 15))
Test Suite (3.10)	Install dependencies	2025-08-25T23:39:06.1848257Z   Using cached cfgv-3.4.0-py2.py3-none-any.whl.metadata (8.5 kB)
Test Suite (3.10)	Install dependencies	2025-08-25T23:39:06.2335877Z Collecting identify>=1.0.0 (from pre-commit>=3.3.0->-r requirements-dev.txt (line 15))
Test Suite (3.10)	Install dependencies	2025-08-25T23:39:06.2350095Z   Using cached identify-2.6.13-py2.py3-none-any.whl.metadata (4.4 kB)
Test Suite (3.10)	Install dependencies	2025-08-25T23:39:06.2487518Z Collecting nodeenv>=0.11.1 (from pre-commit>=3.3.0->-r requirements-dev.txt (line 15))
Test Suite (3.10)	Install dependencies	2025-08-25T23:39:06.2500281Z   Using cached nodeenv-1.9.1-py2.py3-none-any.whl.metadata (21 kB)
Test Suite (3.10)	Install dependencies	2025-08-25T23:39:06.3190721Z Collecting virtualenv>=20.10.0 (from pre-commit>=3.3.0->-r requirements-dev.txt (line 15))
Test Suite (3.10)	Install dependencies	2025-08-25T23:39:06.3206251Z   Using cached virtualenv-20.34.0-py3-none-any.whl.metadata (4.6 kB)
Test Suite (3.10)	Install dependencies	2025-08-25T23:39:06.3278020Z Requirement already satisfied: pytest>=6.2.5 in /opt/hostedtoolcache/Python/3.10.18/x64/lib/python3.10/site-packages (from pytest-cov>=4.1.0->-r requirements-dev.txt (line 18)) (7.4.3)
Test Suite (3.10)	Install dependencies	2025-08-25T23:39:06.7035124Z Collecting coverage>=7.5 (from coverage[toml]>=7.5->pytest-cov>=4.1.0->-r requirements-dev.txt (line 18))
Test Suite (3.10)	Install dependencies	2025-08-25T23:39:06.7074152Z   Downloading coverage-7.10.5-cp310-cp310-manylinux1_x86_64.manylinux_2_28_x86_64.manylinux_2_5_x86_64.whl.metadata (8.9 kB)
Test Suite (3.10)	Install dependencies	2025-08-25T23:39:06.7119795Z Requirement already satisfied: pluggy>=1.2 in /opt/hostedtoolcache/Python/3.10.18/x64/lib/python3.10/site-packages (from pytest-cov>=4.1.0->-r requirements-dev.txt (line 18)) (1.6.0)
Test Suite (3.10)	Install dependencies	2025-08-25T23:39:06.7277911Z Collecting authlib>=1.2.0 (from safety>=2.3.0->-r requirements-dev.txt (line 19))
Test Suite (3.10)	Install dependencies	2025-08-25T23:39:06.7292025Z   Using cached authlib-1.6.2-py2.py3-none-any.whl.metadata (1.6 kB)
Test Suite (3.10)	Install dependencies	2025-08-25T23:39:06.7393760Z Collecting dparse>=0.6.4 (from safety>=2.3.0->-r requirements-dev.txt (line 19))
Test Suite (3.10)	Install dependencies	2025-08-25T23:39:06.7407566Z   Using cached dparse-0.6.4-py3-none-any.whl.metadata (5.5 kB)
Test Suite (3.10)	Install dependencies	2025-08-25T23:39:06.7599337Z Collecting filelock~=3.16.1 (from safety>=2.3.0->-r requirements-dev.txt (line 19))
Test Suite (3.10)	Install dependencies	2025-08-25T23:39:06.7613084Z   Using cached filelock-3.16.1-py3-none-any.whl.metadata (2.9 kB)
Test Suite (3.10)	Install dependencies	2025-08-25T23:39:06.7649531Z Requirement already satisfied: httpx in /opt/hostedtoolcache/Python/3.10.18/x64/lib/python3.10/site-packages (from safety>=2.3.0->-r requirements-dev.txt (line 19)) (0.25.2)
Test Suite (3.10)	Install dependencies	2025-08-25T23:39:06.7784078Z Collecting jinja2>=3.1.0 (from safety>=2.3.0->-r requirements-dev.txt (line 19))
Test Suite (3.10)	Install dependencies	2025-08-25T23:39:06.7798102Z   Using cached jinja2-3.1.6-py3-none-any.whl.metadata (2.9 kB)
Test Suite (3.10)	Install dependencies	2025-08-25T23:39:06.8390001Z Collecting marshmallow>=3.15.0 (from safety>=2.3.0->-r requirements-dev.txt (line 19))
Test Suite (3.10)	Install dependencies	2025-08-25T23:39:06.8405984Z   Using cached marshmallow-4.0.0-py3-none-any.whl.metadata (7.4 kB)
Test Suite (3.10)	Install dependencies	2025-08-25T23:39:06.8605721Z Collecting nltk>=3.9 (from safety>=2.3.0->-r requirements-dev.txt (line 19))
Test Suite (3.10)	Install dependencies	2025-08-25T23:39:06.8619376Z   Using cached nltk-3.9.1-py3-none-any.whl.metadata (2.9 kB)
Test Suite (3.10)	Install dependencies	2025-08-25T23:39:06.9672461Z Collecting psutil~=6.1.0 (from safety>=2.3.0->-r requirements-dev.txt (line 19))
Test Suite (3.10)	Install dependencies	2025-08-25T23:39:06.9689412Z   Using cached psutil-6.1.1-cp36-abi3-manylinux_2_12_x86_64.manylinux2010_x86_64.manylinux_2_17_x86_64.manylinux2014_x86_64.whl.metadata (22 kB)
Test Suite (3.10)	Install dependencies	2025-08-25T23:39:07.1015144Z Collecting pydantic<2.10.0,>=2.6.0 (from safety>=2.3.0->-r requirements-dev.txt (line 19))
Test Suite (3.10)	Install dependencies	2025-08-25T23:39:07.1031763Z   Using cached pydantic-2.9.2-py3-none-any.whl.metadata (149 kB)
Test Suite (3.10)	Install dependencies	2025-08-25T23:39:07.2727415Z Collecting ruamel-yaml>=0.17.21 (from safety>=2.3.0->-r requirements-dev.txt (line 19))
Test Suite (3.10)	Install dependencies	2025-08-25T23:39:07.2743072Z   Using cached ruamel.yaml-0.18.15-py3-none-any.whl.metadata (25 kB)
Test Suite (3.10)	Install dependencies	2025-08-25T23:39:07.2863036Z Collecting safety-schemas==0.0.14 (from safety>=2.3.0->-r requirements-dev.txt (line 19))
Test Suite (3.10)	Install dependencies	2025-08-25T23:39:07.2876477Z   Using cached safety_schemas-0.0.14-py3-none-any.whl.metadata (1.1 kB)
Test Suite (3.10)	Install dependencies	2025-08-25T23:39:07.4560333Z Collecting setuptools>=65.5.1 (from safety>=2.3.0->-r requirements-dev.txt (line 19))
Test Suite (3.10)	Install dependencies	2025-08-25T23:39:07.4576238Z   Using cached setuptools-80.9.0-py3-none-any.whl.metadata (6.6 kB)
Test Suite (3.10)	Install dependencies	2025-08-25T23:39:07.4861828Z Collecting tenacity (from safety>=2.3.0->-r requirements-dev.txt (line 19))
Test Suite (3.10)	Install dependencies	2025-08-25T23:39:07.4875347Z   Using cached tenacity-9.1.2-py3-none-any.whl.metadata (1.2 kB)
Test Suite (3.10)	Install dependencies	2025-08-25T23:39:07.5056411Z Collecting tomlkit (from safety>=2.3.0->-r requirements-dev.txt (line 19))
Test Suite (3.10)	Install dependencies	2025-08-25T23:39:07.5073517Z   Using cached tomlkit-0.13.3-py3-none-any.whl.metadata (2.8 kB)
Test Suite (3.10)	Install dependencies	2025-08-25T23:39:07.5224019Z Collecting typer>=0.16.0 (from safety>=2.3.0->-r requirements-dev.txt (line 19))
Test Suite (3.10)	Install dependencies	2025-08-25T23:39:07.5237212Z   Using cached typer-0.16.1-py3-none-any.whl.metadata (15 kB)
Test Suite (3.10)	Install dependencies	2025-08-25T23:39:07.5332576Z Requirement already satisfied: annotated-types>=0.6.0 in /opt/hostedtoolcache/Python/3.10.18/x64/lib/python3.10/site-packages (from pydantic<2.10.0,>=2.6.0->safety>=2.3.0->-r requirements-dev.txt (line 19)) (0.7.0)
Test Suite (3.10)	Install dependencies	2025-08-25T23:39:08.3326450Z Collecting pydantic-core==2.23.4 (from pydantic<2.10.0,>=2.6.0->safety>=2.3.0->-r requirements-dev.txt (line 19))
Test Suite (3.10)	Install dependencies	2025-08-25T23:39:08.3384085Z   Downloading pydantic_core-2.23.4-cp310-cp310-manylinux_2_17_x86_64.manylinux2014_x86_64.whl.metadata (6.6 kB)
Test Suite (3.10)	Install dependencies	2025-08-25T23:39:08.3681262Z Collecting urllib3>=2 (from types-requests>=2.31.0->-r requirements-dev.txt (line 22))
Test Suite (3.10)	Install dependencies	2025-08-25T23:39:08.3695825Z   Using cached urllib3-2.5.0-py3-none-any.whl.metadata (6.5 kB)
Test Suite (3.10)	Install dependencies	2025-08-25T23:39:08.4488915Z Collecting types-pyasn1 (from types-python-jose>=3.3.0->-r requirements-dev.txt (line 23))
Test Suite (3.10)	Install dependencies	2025-08-25T23:39:08.4504473Z   Using cached types_pyasn1-0.6.0.20250516-py3-none-any.whl.metadata (1.8 kB)
Test Suite (3.10)	Install dependencies	2025-08-25T23:39:08.4569425Z Requirement already satisfied: cryptography in /opt/hostedtoolcache/Python/3.10.18/x64/lib/python3.10/site-packages (from authlib>=1.2.0->safety>=2.3.0->-r requirements-dev.txt (line 19)) (45.0.6)
Test Suite (3.10)	Install dependencies	2025-08-25T23:39:08.5390529Z Collecting msgpack<2.0.0,>=0.5.2 (from CacheControl>=0.13.0->CacheControl[filecache]>=0.13.0->pip-audit>=2.6.0->-r requirements-dev.txt (line 12))
Test Suite (3.10)	Install dependencies	2025-08-25T23:39:08.5438920Z   Downloading msgpack-1.1.1-cp310-cp310-manylinux_2_17_x86_64.manylinux2014_x86_64.whl.metadata (8.4 kB)
Test Suite (3.10)	Install dependencies	2025-08-25T23:39:08.5676447Z Requirement already satisfied: MarkupSafe>=2.0 in /opt/hostedtoolcache/Python/3.10.18/x64/lib/python3.10/site-packages (from jinja2>=3.1.0->safety>=2.3.0->-r requirements-dev.txt (line 19)) (3.0.2)
Test Suite (3.10)	Install dependencies	2025-08-25T23:39:08.5863865Z Collecting backports-datetime-fromisoformat (from marshmallow>=3.15.0->safety>=2.3.0->-r requirements-dev.txt (line 19))
Test Suite (3.10)	Install dependencies	2025-08-25T23:39:08.5913840Z   Downloading backports_datetime_fromisoformat-2.0.3-cp310-cp310-manylinux_2_17_x86_64.manylinux2014_x86_64.whl.metadata (6.3 kB)
Test Suite (3.10)	Install dependencies	2025-08-25T23:39:08.6187953Z Collecting joblib (from nltk>=3.9->safety>=2.3.0->-r requirements-dev.txt (line 19))
Test Suite (3.10)	Install dependencies	2025-08-25T23:39:08.6201782Z   Using cached joblib-1.5.1-py3-none-any.whl.metadata (5.6 kB)
Test Suite (3.10)	Install dependencies	2025-08-25T23:39:09.0692605Z Collecting regex>=2021.8.3 (from nltk>=3.9->safety>=2.3.0->-r requirements-dev.txt (line 19))
Test Suite (3.10)	Install dependencies	2025-08-25T23:39:09.0737515Z   Downloading regex-2025.7.34-cp310-cp310-manylinux2014_x86_64.manylinux_2_17_x86_64.manylinux_2_28_x86_64.whl.metadata (40 kB)
Test Suite (3.10)	Install dependencies	2025-08-25T23:39:09.1140662Z Collecting tqdm (from nltk>=3.9->safety>=2.3.0->-r requirements-dev.txt (line 19))
Test Suite (3.10)	Install dependencies	2025-08-25T23:39:09.1154717Z   Using cached tqdm-4.67.1-py3-none-any.whl.metadata (57 kB)
Test Suite (3.10)	Install dependencies	2025-08-25T23:39:09.1288410Z Requirement already satisfied: pip in /opt/hostedtoolcache/Python/3.10.18/x64/lib/python3.10/site-packages (from pip-api>=0.0.28->pip-audit>=2.6.0->-r requirements-dev.txt (line 12)) (25.2)
Test Suite (3.10)	Install dependencies	2025-08-25T23:39:09.1554630Z Collecting pyparsing (from pip-requirements-parser>=32.0.0->pip-audit>=2.6.0->-r requirements-dev.txt (line 12))
Test Suite (3.10)	Install dependencies	2025-08-25T23:39:09.1567660Z   Using cached pyparsing-3.2.3-py3-none-any.whl.metadata (5.0 kB)
Test Suite (3.10)	Install dependencies	2025-08-25T23:39:09.1651086Z Requirement already satisfied: iniconfig in /opt/hostedtoolcache/Python/3.10.18/x64/lib/python3.10/site-packages (from pytest>=6.2.5->pytest-cov>=4.1.0->-r requirements-dev.txt (line 18)) (2.1.0)
Test Suite (3.10)	Install dependencies	2025-08-25T23:39:09.1664542Z Requirement already satisfied: exceptiongroup>=1.0.0rc8 in /opt/hostedtoolcache/Python/3.10.18/x64/lib/python3.10/site-packages (from pytest>=6.2.5->pytest-cov>=4.1.0->-r requirements-dev.txt (line 18)) (1.3.0)
Test Suite (3.10)	Install dependencies	2025-08-25T23:39:09.2632926Z Collecting charset_normalizer<4,>=2 (from requests>=2.31.0->pip-audit>=2.6.0->-r requirements-dev.txt (line 12))
Test Suite (3.10)	Install dependencies	2025-08-25T23:39:09.2680305Z   Downloading charset_normalizer-3.4.3-cp310-cp310-manylinux2014_x86_64.manylinux_2_17_x86_64.manylinux_2_28_x86_64.whl.metadata (36 kB)
Test Suite (3.10)	Install dependencies	2025-08-25T23:39:09.2729605Z Requirement already satisfied: idna<4,>=2.5 in /opt/hostedtoolcache/Python/3.10.18/x64/lib/python3.10/site-packages (from requests>=2.31.0->pip-audit>=2.6.0->-r requirements-dev.txt (line 12)) (3.10)
Test Suite (3.10)	Install dependencies	2025-08-25T23:39:09.2806368Z Requirement already satisfied: certifi>=2017.4.17 in /opt/hostedtoolcache/Python/3.10.18/x64/lib/python3.10/site-packages (from requests>=2.31.0->pip-audit>=2.6.0->-r requirements-dev.txt (line 12)) (2025.8.3)
Test Suite (3.10)	Install dependencies	2025-08-25T23:39:09.2909863Z Requirement already satisfied: markdown-it-py>=2.2.0 in /opt/hostedtoolcache/Python/3.10.18/x64/lib/python3.10/site-packages (from rich->bandit>=1.7.0->-r requirements-dev.txt (line 6)) (4.0.0)
Test Suite (3.10)	Install dependencies	2025-08-25T23:39:09.2916432Z Requirement already satisfied: pygments<3.0.0,>=2.13.0 in /opt/hostedtoolcache/Python/3.10.18/x64/lib/python3.10/site-packages (from rich->bandit>=1.7.0->-r requirements-dev.txt (line 6)) (2.19.2)
Test Suite (3.10)	Install dependencies	2025-08-25T23:39:09.2997135Z Requirement already satisfied: mdurl~=0.1 in /opt/hostedtoolcache/Python/3.10.18/x64/lib/python3.10/site-packages (from markdown-it-py>=2.2.0->rich->bandit>=1.7.0->-r requirements-dev.txt (line 6)) (0.1.2)
Test Suite (3.10)	Install dependencies	2025-08-25T23:39:09.3340625Z Collecting ruamel.yaml.clib>=0.2.7 (from ruamel-yaml>=0.17.21->safety>=2.3.0->-r requirements-dev.txt (line 19))
Test Suite (3.10)	Install dependencies	2025-08-25T23:39:09.3380898Z   Downloading ruamel.yaml.clib-0.2.12-cp310-cp310-manylinux_2_17_x86_64.manylinux2014_x86_64.whl.metadata (2.7 kB)
Test Suite (3.10)	Install dependencies	2025-08-25T23:39:09.3682882Z Collecting shellingham>=1.3.0 (from typer>=0.16.0->safety>=2.3.0->-r requirements-dev.txt (line 19))
Test Suite (3.10)	Install dependencies	2025-08-25T23:39:09.3696569Z   Using cached shellingham-1.5.4-py2.py3-none-any.whl.metadata (3.5 kB)
Test Suite (3.10)	Install dependencies	2025-08-25T23:39:09.3864786Z Collecting distlib<1,>=0.3.7 (from virtualenv>=20.10.0->pre-commit>=3.3.0->-r requirements-dev.txt (line 15))
Test Suite (3.10)	Install dependencies	2025-08-25T23:39:09.3877685Z   Using cached distlib-0.4.0-py2.py3-none-any.whl.metadata (5.2 kB)
Test Suite (3.10)	Install dependencies	2025-08-25T23:39:09.4151092Z Requirement already satisfied: cffi>=1.14 in /opt/hostedtoolcache/Python/3.10.18/x64/lib/python3.10/site-packages (from cryptography->authlib>=1.2.0->safety>=2.3.0->-r requirements-dev.txt (line 19)) (1.17.1)
Test Suite (3.10)	Install dependencies	2025-08-25T23:39:09.4166530Z Requirement already satisfied: pycparser in /opt/hostedtoolcache/Python/3.10.18/x64/lib/python3.10/site-packages (from cffi>=1.14->cryptography->authlib>=1.2.0->safety>=2.3.0->-r requirements-dev.txt (line 19)) (2.22)
Test Suite (3.10)	Install dependencies	2025-08-25T23:39:09.4197995Z Requirement already satisfied: anyio in /opt/hostedtoolcache/Python/3.10.18/x64/lib/python3.10/site-packages (from httpx->safety>=2.3.0->-r requirements-dev.txt (line 19)) (3.7.1)
Test Suite (3.10)	Install dependencies	2025-08-25T23:39:09.4205190Z Requirement already satisfied: httpcore==1.* in /opt/hostedtoolcache/Python/3.10.18/x64/lib/python3.10/site-packages (from httpx->safety>=2.3.0->-r requirements-dev.txt (line 19)) (1.0.9)
Test Suite (3.10)	Install dependencies	2025-08-25T23:39:09.4210317Z Requirement already satisfied: sniffio in /opt/hostedtoolcache/Python/3.10.18/x64/lib/python3.10/site-packages (from httpx->safety>=2.3.0->-r requirements-dev.txt (line 19)) (1.3.1)
Test Suite (3.10)	Install dependencies	2025-08-25T23:39:09.4241795Z Requirement already satisfied: h11>=0.16 in /opt/hostedtoolcache/Python/3.10.18/x64/lib/python3.10/site-packages (from httpcore==1.*->httpx->safety>=2.3.0->-r requirements-dev.txt (line 19)) (0.16.0)
Test Suite (3.10)	Install dependencies	2025-08-25T23:39:09.4556551Z Using cached bandit-1.8.6-py3-none-any.whl (133 kB)
Test Suite (3.10)	Install dependencies	2025-08-25T23:39:09.4618808Z Downloading black-25.1.0-cp310-cp310-manylinux_2_17_x86_64.manylinux2014_x86_64.manylinux_2_28_x86_64.whl (1.8 MB)
Test Suite (3.10)	Install dependencies	2025-08-25T23:39:09.4775221Z    â”â”â”â”â”â”â”â”â”â”â”â”â”â”â”â”â”â”â”â”â”â”â”â”â”â”â”â”â”â”â”â”â”â”â”â”â”â”â”â” 1.8/1.8 MB 141.9 MB/s  0:00:00
Test Suite (3.10)	Install dependencies	2025-08-25T23:39:09.4788644Z Using cached flake8-7.3.0-py2.py3-none-any.whl (57 kB)
Test Suite (3.10)	Install dependencies	2025-08-25T23:39:09.4801902Z Using cached mccabe-0.7.0-py2.py3-none-any.whl (7.3 kB)
Test Suite (3.10)	Install dependencies	2025-08-25T23:39:09.4814858Z Using cached pycodestyle-2.14.0-py2.py3-none-any.whl (31 kB)
Test Suite (3.10)	Install dependencies	2025-08-25T23:39:09.4827532Z Using cached pyflakes-3.4.0-py2.py3-none-any.whl (63 kB)
Test Suite (3.10)	Install dependencies	2025-08-25T23:39:09.4840315Z Using cached isort-6.0.1-py3-none-any.whl (94 kB)
Test Suite (3.10)	Install dependencies	2025-08-25T23:39:09.4901661Z Downloading mypy-1.17.1-cp310-cp310-manylinux2014_x86_64.manylinux_2_17_x86_64.manylinux_2_28_x86_64.whl (12.7 MB)
Test Suite (3.10)	Install dependencies	2025-08-25T23:39:09.5726076Z    â”â”â”â”â”â”â”â”â”â”â”â”â”â”â”â”â”â”â”â”â”â”â”â”â”â”â”â”â”â”â”â”â”â”â”â”â”â”â”â” 12.7/12.7 MB 156.2 MB/s  0:00:00
Test Suite (3.10)	Install dependencies	2025-08-25T23:39:09.5740384Z Using cached pip_audit-2.9.0-py3-none-any.whl (58 kB)
Test Suite (3.10)	Install dependencies	2025-08-25T23:39:09.5754275Z Using cached cyclonedx_python_lib-9.1.0-py3-none-any.whl (374 kB)
Test Suite (3.10)	Install dependencies	2025-08-25T23:39:09.5769457Z Using cached license_expression-30.4.4-py3-none-any.whl (120 kB)
Test Suite (3.10)	Install dependencies	2025-08-25T23:39:09.5782893Z Using cached packageurl_python-0.17.5-py3-none-any.whl (30 kB)
Test Suite (3.10)	Install dependencies	2025-08-25T23:39:09.5795534Z Using cached py_serializable-2.1.0-py3-none-any.whl (23 kB)
Test Suite (3.10)	Install dependencies	2025-08-25T23:39:09.5808271Z Using cached defusedxml-0.7.1-py2.py3-none-any.whl (25 kB)
Test Suite (3.10)	Install dependencies	2025-08-25T23:39:09.5820831Z Using cached sortedcontainers-2.4.0-py2.py3-none-any.whl (29 kB)
Test Suite (3.10)	Install dependencies	2025-08-25T23:39:09.5833560Z Using cached pre_commit-4.3.0-py2.py3-none-any.whl (220 kB)
Test Suite (3.10)	Install dependencies	2025-08-25T23:39:09.5847494Z Using cached pytest_cov-6.2.1-py3-none-any.whl (24 kB)
Test Suite (3.10)	Install dependencies	2025-08-25T23:39:09.5859993Z Using cached safety-3.6.0-py3-none-any.whl (285 kB)
Test Suite (3.10)	Install dependencies	2025-08-25T23:39:09.5874655Z Using cached safety_schemas-0.0.14-py3-none-any.whl (39 kB)
Test Suite (3.10)	Install dependencies	2025-08-25T23:39:09.5887472Z Using cached filelock-3.16.1-py3-none-any.whl (16 kB)
Test Suite (3.10)	Install dependencies	2025-08-25T23:39:09.5900690Z Using cached psutil-6.1.1-cp36-abi3-manylinux_2_12_x86_64.manylinux2010_x86_64.manylinux_2_17_x86_64.manylinux2014_x86_64.whl (287 kB)
Test Suite (3.10)	Install dependencies	2025-08-25T23:39:09.5915349Z Using cached pydantic-2.9.2-py3-none-any.whl (434 kB)
Test Suite (3.10)	Install dependencies	2025-08-25T23:39:09.5970337Z Downloading pydantic_core-2.23.4-cp310-cp310-manylinux_2_17_x86_64.manylinux2014_x86_64.whl (2.1 MB)
Test Suite (3.10)	Install dependencies	2025-08-25T23:39:09.6110544Z    â”â”â”â”â”â”â”â”â”â”â”â”â”â”â”â”â”â”â”â”â”â”â”â”â”â”â”â”â”â”â”â”â”â”â”â”â”â”â”â” 2.1/2.1 MB 154.8 MB/s  0:00:00
Test Suite (3.10)	Install dependencies	2025-08-25T23:39:09.6123836Z Using cached types_requests-2.32.4.20250809-py3-none-any.whl (20 kB)
Test Suite (3.10)	Install dependencies	2025-08-25T23:39:09.6136815Z Using cached types_python_jose-3.5.0.20250531-py3-none-any.whl (14 kB)
Test Suite (3.10)	Install dependencies	2025-08-25T23:39:09.6149528Z Using cached types_passlib-1.7.7.20250602-py3-none-any.whl (40 kB)
Test Suite (3.10)	Install dependencies	2025-08-25T23:39:09.6163054Z Using cached authlib-1.6.2-py2.py3-none-any.whl (239 kB)
Test Suite (3.10)	Install dependencies	2025-08-25T23:39:09.6177433Z Using cached boolean_py-5.0-py3-none-any.whl (26 kB)
Test Suite (3.10)	Install dependencies	2025-08-25T23:39:09.6190279Z Using cached cachecontrol-0.14.3-py3-none-any.whl (21 kB)
Test Suite (3.10)	Install dependencies	2025-08-25T23:39:09.6234085Z Downloading msgpack-1.1.1-cp310-cp310-manylinux_2_17_x86_64.manylinux2014_x86_64.whl (408 kB)
Test Suite (3.10)	Install dependencies	2025-08-25T23:39:09.6310951Z Using cached cfgv-3.4.0-py2.py3-none-any.whl (7.2 kB)
Test Suite (3.10)	Install dependencies	2025-08-25T23:39:09.6352552Z Downloading coverage-7.10.5-cp310-cp310-manylinux1_x86_64.manylinux_2_28_x86_64.manylinux_2_5_x86_64.whl (245 kB)
Test Suite (3.10)	Install dependencies	2025-08-25T23:39:09.6418356Z Using cached dparse-0.6.4-py3-none-any.whl (11 kB)
Test Suite (3.10)	Install dependencies	2025-08-25T23:39:09.6431357Z Using cached identify-2.6.13-py2.py3-none-any.whl (99 kB)
Test Suite (3.10)	Install dependencies	2025-08-25T23:39:09.6444730Z Using cached jinja2-3.1.6-py3-none-any.whl (134 kB)
Test Suite (3.10)	Install dependencies	2025-08-25T23:39:09.6458011Z Using cached marshmallow-4.0.0-py3-none-any.whl (48 kB)
Test Suite (3.10)	Install dependencies	2025-08-25T23:39:09.6471014Z Using cached mypy_extensions-1.1.0-py3-none-any.whl (5.0 kB)
Test Suite (3.10)	Install dependencies	2025-08-25T23:39:09.6483734Z Using cached nltk-3.9.1-py3-none-any.whl (1.5 MB)
Test Suite (3.10)	Install dependencies	2025-08-25T23:39:09.6507487Z Using cached nodeenv-1.9.1-py2.py3-none-any.whl (22 kB)
Test Suite (3.10)	Install dependencies	2025-08-25T23:39:09.6520237Z Using cached pathspec-0.12.1-py3-none-any.whl (31 kB)
Test Suite (3.10)	Install dependencies	2025-08-25T23:39:09.6533081Z Using cached pip_api-0.0.34-py3-none-any.whl (120 kB)
Test Suite (3.10)	Install dependencies	2025-08-25T23:39:09.6546701Z Using cached pip_requirements_parser-32.0.1-py3-none-any.whl (35 kB)
Test Suite (3.10)	Install dependencies	2025-08-25T23:39:09.6559527Z Using cached platformdirs-4.3.8-py3-none-any.whl (18 kB)
Test Suite (3.10)	Install dependencies	2025-08-25T23:39:09.6596924Z Downloading regex-2025.7.34-cp310-cp310-manylinux2014_x86_64.manylinux_2_17_x86_64.manylinux_2_28_x86_64.whl (789 kB)
Test Suite (3.10)	Install dependencies	2025-08-25T23:39:09.6665802Z    â”â”â”â”â”â”â”â”â”â”â”â”â”â”â”â”â”â”â”â”â”â”â”â”â”â”â”â”â”â”â”â”â”â”â”â”â”â”â”â” 789.8/789.8 kB 121.1 MB/s  0:00:00
Test Suite (3.10)	Install dependencies	2025-08-25T23:39:09.6677695Z Using cached requests-2.32.5-py3-none-any.whl (64 kB)
Test Suite (3.10)	Install dependencies	2025-08-25T23:39:09.6715017Z Downloading charset_normalizer-3.4.3-cp310-cp310-manylinux2014_x86_64.manylinux_2_17_x86_64.manylinux_2_28_x86_64.whl (152 kB)
Test Suite (3.10)	Install dependencies	2025-08-25T23:39:09.6752822Z Using cached urllib3-2.5.0-py3-none-any.whl (129 kB)
Test Suite (3.10)	Install dependencies	2025-08-25T23:39:09.6766089Z Using cached ruamel.yaml-0.18.15-py3-none-any.whl (119 kB)
Test Suite (3.10)	Install dependencies	2025-08-25T23:39:09.6800905Z Downloading ruamel.yaml.clib-0.2.12-cp310-cp310-manylinux_2_17_x86_64.manylinux2014_x86_64.whl (722 kB)
Test Suite (3.10)	Install dependencies	2025-08-25T23:39:09.6881318Z    â”â”â”â”â”â”â”â”â”â”â”â”â”â”â”â”â”â”â”â”â”â”â”â”â”â”â”â”â”â”â”â”â”â”â”â”â”â”â”â” 722.2/722.2 kB 107.7 MB/s  0:00:00
Test Suite (3.10)	Install dependencies	2025-08-25T23:39:09.6893171Z Using cached setuptools-80.9.0-py3-none-any.whl (1.2 MB)
Test Suite (3.10)	Install dependencies	2025-08-25T23:39:09.6914155Z Using cached stevedore-5.5.0-py3-none-any.whl (49 kB)
Test Suite (3.10)	Install dependencies	2025-08-25T23:39:09.6926725Z Using cached toml-0.10.2-py2.py3-none-any.whl (16 kB)
Test Suite (3.10)	Install dependencies	2025-08-25T23:39:09.6938838Z Using cached typer-0.16.1-py3-none-any.whl (46 kB)
Test Suite (3.10)	Install dependencies	2025-08-25T23:39:09.6951148Z Using cached shellingham-1.5.4-py2.py3-none-any.whl (9.8 kB)
Test Suite (3.10)	Install dependencies	2025-08-25T23:39:09.6963210Z Using cached virtualenv-20.34.0-py3-none-any.whl (6.0 MB)
Test Suite (3.10)	Install dependencies	2025-08-25T23:39:09.7017436Z Using cached distlib-0.4.0-py2.py3-none-any.whl (469 kB)
Test Suite (3.10)	Install dependencies	2025-08-25T23:39:09.7062524Z Downloading backports_datetime_fromisoformat-2.0.3-cp310-cp310-manylinux_2_17_x86_64.manylinux2014_x86_64.whl (52 kB)
Test Suite (3.10)	Install dependencies	2025-08-25T23:39:09.7098066Z Using cached joblib-1.5.1-py3-none-any.whl (307 kB)
Test Suite (3.10)	Install dependencies	2025-08-25T23:39:09.7112450Z Using cached pyparsing-3.2.3-py3-none-any.whl (111 kB)
Test Suite (3.10)	Install dependencies	2025-08-25T23:39:09.7125495Z Using cached tenacity-9.1.2-py3-none-any.whl (28 kB)
Test Suite (3.10)	Install dependencies	2025-08-25T23:39:09.7137873Z Using cached tomlkit-0.13.3-py3-none-any.whl (38 kB)
Test Suite (3.10)	Install dependencies	2025-08-25T23:39:09.7150088Z Using cached tqdm-4.67.1-py3-none-any.whl (78 kB)
Test Suite (3.10)	Install dependencies	2025-08-25T23:39:09.7162716Z Using cached types_pyasn1-0.6.0.20250516-py3-none-any.whl (24 kB)
Test Suite (3.10)	Install dependencies	2025-08-25T23:39:09.9994175Z Installing collected packages: sortedcontainers, distlib, boolean.py, urllib3, types-pyasn1, types-passlib, tqdm, tomlkit, toml, tenacity, stevedore, shellingham, setuptools, ruamel.yaml.clib, regex, pyparsing, pyflakes, pydantic-core, pycodestyle, psutil, platformdirs, pip-api, pathspec, packageurl-python, nodeenv, mypy-extensions, msgpack, mccabe, license-expression, joblib, jinja2, isort, identify, filelock, dparse, defusedxml, coverage, charset_normalizer, cfgv, backports-datetime-fromisoformat, virtualenv, types-requests, types-python-jose, ruamel-yaml, requests, pydantic, py-serializable, pip-requirements-parser, nltk, mypy, marshmallow, flake8, black, typer, safety-schemas, pytest-cov, pre-commit, cyclonedx-python-lib, CacheControl, bandit, authlib, safety, pip-audit
Test Suite (3.10)	Install dependencies	2025-08-25T23:39:10.3399559Z   Attempting uninstall: setuptools
Test Suite (3.10)	Install dependencies	2025-08-25T23:39:10.3408002Z     Found existing installation: setuptools 65.5.0
Test Suite (3.10)	Install dependencies	2025-08-25T23:39:10.3853116Z     Uninstalling setuptools-65.5.0:
Test Suite (3.10)	Install dependencies	2025-08-25T23:39:10.4932371Z       Successfully uninstalled setuptools-65.5.0
Test Suite (3.10)	Install dependencies	2025-08-25T23:39:11.3522374Z   Attempting uninstall: pydantic-core
Test Suite (3.10)	Install dependencies	2025-08-25T23:39:11.3529963Z     Found existing installation: pydantic_core 2.14.5
Test Suite (3.10)	Install dependencies	2025-08-25T23:39:11.3548528Z     Uninstalling pydantic_core-2.14.5:
Test Suite (3.10)	Install dependencies	2025-08-25T23:39:11.3557030Z       Successfully uninstalled pydantic_core-2.14.5
Test Suite (3.10)	Install dependencies	2025-08-25T23:39:11.4133819Z   Attempting uninstall: psutil
Test Suite (3.10)	Install dependencies	2025-08-25T23:39:11.4142993Z     Found existing installation: psutil 5.9.6
Test Suite (3.10)	Install dependencies	2025-08-25T23:39:11.4181972Z     Uninstalling psutil-5.9.6:
Test Suite (3.10)	Install dependencies	2025-08-25T23:39:11.4192510Z       Successfully uninstalled psutil-5.9.6
Test Suite (3.10)	Install dependencies	2025-08-25T23:39:12.5749351Z   Attempting uninstall: pydantic
Test Suite (3.10)	Install dependencies	2025-08-25T23:39:12.5760286Z     Found existing installation: pydantic 2.5.2
Test Suite (3.10)	Install dependencies	2025-08-25T23:39:12.5853552Z     Uninstalling pydantic-2.5.2:
Test Suite (3.10)	Install dependencies	2025-08-25T23:39:12.5870068Z       Successfully uninstalled pydantic-2.5.2
Test Suite (3.10)	Install dependencies	2025-08-25T23:39:15.6394019Z
Test Suite (3.10)	Install dependencies	2025-08-25T23:39:15.6569287Z Successfully installed CacheControl-0.14.3 authlib-1.6.2 backports-datetime-fromisoformat-2.0.3 bandit-1.8.6 black-25.1.0 boolean.py-5.0 cfgv-3.4.0 charset_normalizer-3.4.3 coverage-7.10.5 cyclonedx-python-lib-9.1.0 defusedxml-0.7.1 distlib-0.4.0 dparse-0.6.4 filelock-3.16.1 flake8-7.3.0 identify-2.6.13 isort-6.0.1 jinja2-3.1.6 joblib-1.5.1 license-expression-30.4.4 marshmallow-4.0.0 mccabe-0.7.0 msgpack-1.1.1 mypy-1.17.1 mypy-extensions-1.1.0 nltk-3.9.1 nodeenv-1.9.1 packageurl-python-0.17.5 pathspec-0.12.1 pip-api-0.0.34 pip-audit-2.9.0 pip-requirements-parser-32.0.1 platformdirs-4.3.8 pre-commit-4.3.0 psutil-6.1.1 py-serializable-2.1.0 pycodestyle-2.14.0 pydantic-2.9.2 pydantic-core-2.23.4 pyflakes-3.4.0 pyparsing-3.2.3 pytest-cov-6.2.1 regex-2025.7.34 requests-2.32.5 ruamel-yaml-0.18.15 ruamel.yaml.clib-0.2.12 safety-3.6.0 safety-schemas-0.0.14 setuptools-80.9.0 shellingham-1.5.4 sortedcontainers-2.4.0 stevedore-5.5.0 tenacity-9.1.2 toml-0.10.2 tomlkit-0.13.3 tqdm-4.67.1 typer-0.16.1 types-passlib-1.7.7.20250602 types-pyasn1-0.6.0.20250516 types-python-jose-3.5.0.20250531 types-requests-2.32.4.20250809 urllib3-2.5.0 virtualenv-20.34.0
Test Suite (3.10)	Create test database	ï»¿2025-08-25T23:39:16.1494477Z ##[group]Run mkdir -p data
Test Suite (3.10)	Create test database	2025-08-25T23:39:16.1494812Z [36;1mmkdir -p data[0m
Test Suite (3.10)	Create test database	2025-08-25T23:39:16.1495047Z [36;1mpython -c "[0m
Test Suite (3.10)	Create test database	2025-08-25T23:39:16.1495434Z [36;1mfrom app.database import engine, Base, create_default_endpoints, SessionLocal[0m
Test Suite (3.10)	Create test database	2025-08-25T23:39:16.1495896Z [36;1mBase.metadata.create_all(bind=engine)[0m
Test Suite (3.10)	Create test database	2025-08-25T23:39:16.1496198Z [36;1mdb = SessionLocal()[0m
Test Suite (3.10)	Create test database	2025-08-25T23:39:16.1496452Z [36;1mcreate_default_endpoints(db)[0m
Test Suite (3.10)	Create test database	2025-08-25T23:39:16.1496722Z [36;1mdb.close()[0m
Test Suite (3.10)	Create test database	2025-08-25T23:39:16.1496919Z [36;1m"[0m
Test Suite (3.10)	Create test database	2025-08-25T23:39:16.1538239Z shell: /usr/bin/bash -e {0}
Test Suite (3.10)	Create test database	2025-08-25T23:39:16.1538526Z env:
Test Suite (3.10)	Create test database	2025-08-25T23:39:16.1538746Z   PYTHON_VERSION: 3.12
Test Suite (3.10)	Create test database	2025-08-25T23:39:16.1539104Z   pythonLocation: /opt/hostedtoolcache/Python/3.10.18/x64
Test Suite (3.10)	Create test database	2025-08-25T23:39:16.1539629Z   PKG_CONFIG_PATH: /opt/hostedtoolcache/Python/3.10.18/x64/lib/pkgconfig
Test Suite (3.10)	Create test database	2025-08-25T23:39:16.1540140Z   Python_ROOT_DIR: /opt/hostedtoolcache/Python/3.10.18/x64
Test Suite (3.10)	Create test database	2025-08-25T23:39:16.1540612Z   Python2_ROOT_DIR: /opt/hostedtoolcache/Python/3.10.18/x64
Test Suite (3.10)	Create test database	2025-08-25T23:39:16.1541097Z   Python3_ROOT_DIR: /opt/hostedtoolcache/Python/3.10.18/x64
Test Suite (3.10)	Create test database	2025-08-25T23:39:16.1541554Z   LD_LIBRARY_PATH: /opt/hostedtoolcache/Python/3.10.18/x64/lib
Test Suite (3.10)	Create test database	2025-08-25T23:39:16.1541932Z ##[endgroup]
Test Suite (3.10)	Run working tests for coverage (excluding unit tests until they are fixed)	ï»¿2025-08-25T23:39:17.7260488Z ##[group]Run # Run only working E2E tests that don't require complex setup
Test Suite (3.10)	Run working tests for coverage (excluding unit tests until they are fixed)	2025-08-25T23:39:17.7261357Z [36;1m# Run only working E2E tests that don't require complex setup[0m
Test Suite (3.10)	Run working tests for coverage (excluding unit tests until they are fixed)	2025-08-25T23:39:17.7262323Z [36;1mpython -m pytest tests/e2e/ -v --cov=app --cov-report=xml --cov-report=term-missing --cov-report=html[0m
Test Suite (3.10)	Run working tests for coverage (excluding unit tests until they are fixed)	2025-08-25T23:39:17.7320951Z shell: /usr/bin/bash -e {0}
Test Suite (3.10)	Run working tests for coverage (excluding unit tests until they are fixed)	2025-08-25T23:39:17.7321346Z env:
Test Suite (3.10)	Run working tests for coverage (excluding unit tests until they are fixed)	2025-08-25T23:39:17.7321692Z   PYTHON_VERSION: 3.12
Test Suite (3.10)	Run working tests for coverage (excluding unit tests until they are fixed)	2025-08-25T23:39:17.7322191Z   pythonLocation: /opt/hostedtoolcache/Python/3.10.18/x64
Test Suite (3.10)	Run working tests for coverage (excluding unit tests until they are fixed)	2025-08-25T23:39:17.7322916Z   PKG_CONFIG_PATH: /opt/hostedtoolcache/Python/3.10.18/x64/lib/pkgconfig
Test Suite (3.10)	Run working tests for coverage (excluding unit tests until they are fixed)	2025-08-25T23:39:17.7323841Z   Python_ROOT_DIR: /opt/hostedtoolcache/Python/3.10.18/x64
Test Suite (3.10)	Run working tests for coverage (excluding unit tests until they are fixed)	2025-08-25T23:39:17.7324525Z   Python2_ROOT_DIR: /opt/hostedtoolcache/Python/3.10.18/x64
Test Suite (3.10)	Run working tests for coverage (excluding unit tests until they are fixed)	2025-08-25T23:39:17.7325186Z   Python3_ROOT_DIR: /opt/hostedtoolcache/Python/3.10.18/x64
Test Suite (3.10)	Run working tests for coverage (excluding unit tests until they are fixed)	2025-08-25T23:39:17.7325867Z   LD_LIBRARY_PATH: /opt/hostedtoolcache/Python/3.10.18/x64/lib
Test Suite (3.10)	Run working tests for coverage (excluding unit tests until they are fixed)	2025-08-25T23:39:17.7326477Z ##[endgroup]
Test Suite (3.10)	Run working tests for coverage (excluding unit tests until they are fixed)	2025-08-25T23:39:20.6128737Z ============================= test session starts ==============================
Test Suite (3.10)	Run working tests for coverage (excluding unit tests until they are fixed)	2025-08-25T23:39:20.6129680Z platform linux -- Python 3.10.18, pytest-7.4.3, pluggy-1.6.0
Test Suite (3.10)	Run working tests for coverage (excluding unit tests until they are fixed)	2025-08-25T23:39:20.6130317Z rootdir: /home/runner/work/Daemon-pmac/Daemon-pmac
Test Suite (3.10)	Run working tests for coverage (excluding unit tests until they are fixed)	2025-08-25T23:39:20.6130824Z configfile: pyproject.toml
Test Suite (3.10)	Run working tests for coverage (excluding unit tests until they are fixed)	2025-08-25T23:39:20.6131248Z plugins: anyio-3.7.1, cov-6.2.1, asyncio-0.21.1
Test Suite (3.10)	Run working tests for coverage (excluding unit tests until they are fixed)	2025-08-25T23:39:20.6131689Z asyncio: mode=auto
Test Suite (3.10)	Run working tests for coverage (excluding unit tests until they are fixed)	2025-08-25T23:39:20.6132012Z collected 124 items
Test Suite (3.10)	Run working tests for coverage (excluding unit tests until they are fixed)	2025-08-25T23:39:20.6132216Z
Test Suite (3.10)	Run working tests for coverage (excluding unit tests until they are fixed)	2025-08-25T23:39:46.3220269Z tests/e2e/test_api.py .................................................. [ 40%]
Test Suite (3.10)	Run working tests for coverage (excluding unit tests until they are fixed)	2025-08-25T23:39:54.9247298Z ........                                                                 [ 46%]
Test Suite (3.10)	Run working tests for coverage (excluding unit tests until they are fixed)	2025-08-25T23:40:00.5224002Z tests/e2e/test_auth.py ...............                                   [ 58%]
Test Suite (3.10)	Run working tests for coverage (excluding unit tests until they are fixed)	2025-08-25T23:40:04.0225827Z tests/e2e/test_mcp.py ..............                                     [ 70%]
Test Suite (3.10)	Run working tests for coverage (excluding unit tests until they are fixed)	2025-08-25T23:40:12.8080080Z tests/e2e/test_security.py ..................                            [ 84%]
Test Suite (3.10)	Run working tests for coverage (excluding unit tests until they are fixed)	2025-08-25T23:40:14.2849376Z /opt/hostedtoolcache/Python/3.10.18/x64/lib/python3.10/site-packages/coverage/report_core.py:107: CoverageWarning: Couldn't parse Python file '/home/runner/work/Daemon-pmac/Daemon-pmac/app/cli.py' (couldnt-parse)
Test Suite (3.10)	Run working tests for coverage (excluding unit tests until they are fixed)	2025-08-25T23:40:14.2851231Z   coverage._warn(msg, slug="couldnt-parse")
Test Suite (3.10)	Run working tests for coverage (excluding unit tests until they are fixed)	2025-08-25T23:40:14.2899340Z /opt/hostedtoolcache/Python/3.10.18/x64/lib/python3.10/site-packages/coverage/report_core.py:107: CoverageWarning: Couldn't parse Python file '/home/runner/work/Daemon-pmac/Daemon-pmac/app/data_loader.py' (couldnt-parse)
Test Suite (3.10)	Run working tests for coverage (excluding unit tests until they are fixed)	2025-08-25T23:40:14.2900739Z   coverage._warn(msg, slug="couldnt-parse")
Test Suite (3.10)	Run working tests for coverage (excluding unit tests until they are fixed)	2025-08-25T23:40:15.8879886Z tests/e2e/test_utils.py ...................                              [100%]
Test Suite (3.10)	Run working tests for coverage (excluding unit tests until they are fixed)	2025-08-25T23:40:15.8880580Z
Test Suite (3.10)	Run working tests for coverage (excluding unit tests until they are fixed)	2025-08-25T23:40:15.8880843Z =============================== warnings summary ===============================
Test Suite (3.10)	Run working tests for coverage (excluding unit tests until they are fixed)	2025-08-25T23:40:15.8881681Z tests/e2e/test_api.py::test_error_handling_and_edge_cases
Test Suite (3.10)	Run working tests for coverage (excluding unit tests until they are fixed)	2025-08-25T23:40:15.8882601Z tests/e2e/test_security.py::TestOWASPSecurity::test_content_type_validation
Test Suite (3.10)	Run working tests for coverage (excluding unit tests until they are fixed)	2025-08-25T23:40:15.8884244Z tests/e2e/test_security.py::TestOWASPSecurity::test_content_type_validation
Test Suite (3.10)	Run working tests for coverage (excluding unit tests until they are fixed)	2025-08-25T23:40:15.8885297Z tests/e2e/test_security.py::TestOWASPSecurity::test_content_type_validation
Test Suite (3.10)	Run working tests for coverage (excluding unit tests until they are fixed)	2025-08-25T23:40:15.8886145Z tests/e2e/test_security.py::TestOWASPSecurity::test_content_type_validation
Test Suite (3.10)	Run working tests for coverage (excluding unit tests until they are fixed)	2025-08-25T23:40:15.8886980Z   /opt/hostedtoolcache/Python/3.10.18/x64/lib/python3.10/site-packages/httpx/_content.py:204: DeprecationWarning: Use 'content=<...>' to upload raw bytes/text content.
Test Suite (3.10)	Run working tests for coverage (excluding unit tests until they are fixed)	2025-08-25T23:40:15.8887691Z     warnings.warn(message, DeprecationWarning)
Test Suite (3.10)	Run working tests for coverage (excluding unit tests until they are fixed)	2025-08-25T23:40:15.8887902Z
Test Suite (3.10)	Run working tests for coverage (excluding unit tests until they are fixed)	2025-08-25T23:40:15.8888114Z -- Docs: https://docs.pytest.org/en/stable/how-to/capture-warnings.html
Test Suite (3.10)	Run working tests for coverage (excluding unit tests until they are fixed)	2025-08-25T23:40:15.8888537Z ================================ tests coverage ================================
Test Suite (3.10)	Run working tests for coverage (excluding unit tests until they are fixed)	2025-08-25T23:40:15.8888904Z _______________ coverage: platform linux, python 3.10.18-final-0 _______________
Test Suite (3.10)	Run working tests for coverage (excluding unit tests until they are fixed)	2025-08-25T23:40:15.8889450Z
Test Suite (3.10)	Run working tests for coverage (excluding unit tests until they are fixed)	2025-08-25T23:40:15.8889563Z Name                       Stmts   Miss  Cover   Missing
Test Suite (3.10)	Run working tests for coverage (excluding unit tests until they are fixed)	2025-08-25T23:40:15.8889841Z --------------------------------------------------------
Test Suite (3.10)	Run working tests for coverage (excluding unit tests until they are fixed)	2025-08-25T23:40:15.8890125Z app/__init__.py                4      0 100.0%
Test Suite (3.10)	Run working tests for coverage (excluding unit tests until they are fixed)	2025-08-25T23:40:15.8890493Z app/auth.py                  128     52  59.4%   45, 64, 95, 107, 126-128, 133-152, 163, 169-183, 188-190, 216-225, 231-252
Test Suite (3.10)	Run working tests for coverage (excluding unit tests until they are fixed)	2025-08-25T23:40:15.8890879Z app/config.py                 45      2  95.6%   73, 80
Test Suite (3.10)	Run working tests for coverage (excluding unit tests until they are fixed)	2025-08-25T23:40:15.8891188Z app/database.py              111      5  95.5%   195-199, 204
Test Suite (3.10)	Run working tests for coverage (excluding unit tests until they are fixed)	2025-08-25T23:40:15.8891562Z app/main.py                  162     95  41.4%   47-82, 87-100, 230-233, 270-281, 295-458, 515-582, 602-603, 618
Test Suite (3.10)	Run working tests for coverage (excluding unit tests until they are fixed)	2025-08-25T23:40:15.8891935Z app/multi_user_import.py     130    130   0.0%   5-390
Test Suite (3.10)	Run working tests for coverage (excluding unit tests until they are fixed)	2025-08-25T23:40:15.8892304Z app/privacy.py               197     99  49.7%   47, 95-97, 99, 130, 161-223, 227-294, 382, 385, 390, 403, 456-479
Test Suite (3.10)	Run working tests for coverage (excluding unit tests until they are fixed)	2025-08-25T23:40:15.8892684Z app/resume_loader.py          87     87   0.0%   5-285
Test Suite (3.10)	Run working tests for coverage (excluding unit tests until they are fixed)	2025-08-25T23:40:15.8892970Z app/routers/__init__.py        0      0 100.0%
Test Suite (3.10)	Run working tests for coverage (excluding unit tests until they are fixed)	2025-08-25T23:40:15.8893699Z app/routers/admin.py         179    131  26.8%   46-60, 70-79, 88-89, 111-124, 140-149, 158-159, 169-185, 197-219, 228-253, 269-275, 286-294, 303-323, 331-357, 374-390, 419-431, 459-499
Test Suite (3.10)	Run working tests for coverage (excluding unit tests until they are fixed)	2025-08-25T23:40:15.8894523Z app/routers/api.py           336    106  68.5%   43, 203, 385, 403, 452-469, 591, 669, 704-705, 751, 817, 851-853, 886-890, 940, 952, 965, 972, 1193-1216, 1225-1249, 1269-1299, 1310-1347, 1380-1394, 1407-1418, 1433-1458, 1474-1548
Test Suite (3.10)	Run working tests for coverage (excluding unit tests until they are fixed)	2025-08-25T23:40:15.8895193Z app/routers/auth.py           78     27  65.4%   40, 134-180, 195-196, 216-223, 241-257
Test Suite (3.10)	Run working tests for coverage (excluding unit tests until they are fixed)	2025-08-25T23:40:15.8895786Z app/routers/mcp.py            75     10  86.7%   85, 102, 109, 207-208, 219, 231, 239-242
Test Suite (3.10)	Run working tests for coverage (excluding unit tests until they are fixed)	2025-08-25T23:40:15.8896141Z app/schemas.py               168      2  98.8%   247-249
Test Suite (3.10)	Run working tests for coverage (excluding unit tests until they are fixed)	2025-08-25T23:40:15.8896823Z app/utils.py                 399    101  74.7%   39, 60, 81-83, 95-96, 99, 105, 107, 109, 111, 113, 115, 119, 124, 129, 136-141, 160, 189, 208, 215, 250-254, 262-265, 274-319, 330-332, 352, 377-379, 402-404, 423-429, 442-443, 452-453, 474, 488, 507, 509, 537, 641, 675-677, 688, 698, 769-772, 794-804, 845, 875
Test Suite (3.10)	Run working tests for coverage (excluding unit tests until they are fixed)	2025-08-25T23:40:15.8897499Z --------------------------------------------------------
Test Suite (3.10)	Run working tests for coverage (excluding unit tests until they are fixed)	2025-08-25T23:40:15.8897766Z TOTAL                       2099    847  59.6%
Test Suite (3.10)	Run working tests for coverage (excluding unit tests until they are fixed)	2025-08-25T23:40:15.8898023Z Coverage HTML written to dir htmlcov
Test Suite (3.10)	Run working tests for coverage (excluding unit tests until they are fixed)	2025-08-25T23:40:15.8898268Z Coverage XML written to file coverage.xml
Test Suite (3.10)	Run working tests for coverage (excluding unit tests until they are fixed)	2025-08-25T23:40:15.8898560Z ======================= 124 passed, 5 warnings in 55.91s =======================
Test Suite (3.10)	Run E2E tests only (excluding unit tests)	ï»¿2025-08-25T23:40:16.1505860Z ##[group]Run # Run E2E tests but exclude unit tests directory until they are fixed
Test Suite (3.10)	Run E2E tests only (excluding unit tests)	2025-08-25T23:40:16.1506382Z [36;1m# Run E2E tests but exclude unit tests directory until they are fixed[0m
Test Suite (3.10)	Run E2E tests only (excluding unit tests)	2025-08-25T23:40:16.1506932Z [36;1mpython -m pytest tests/ --ignore=tests/unit/ -v --tb=short || echo "Some E2E tests failed but CI continues"[0m
Test Suite (3.10)	Run E2E tests only (excluding unit tests)	2025-08-25T23:40:16.1547377Z shell: /usr/bin/bash -e {0}
Test Suite (3.10)	Run E2E tests only (excluding unit tests)	2025-08-25T23:40:16.1547597Z env:
Test Suite (3.10)	Run E2E tests only (excluding unit tests)	2025-08-25T23:40:16.1547769Z   PYTHON_VERSION: 3.12
Test Suite (3.10)	Run E2E tests only (excluding unit tests)	2025-08-25T23:40:16.1548039Z   pythonLocation: /opt/hostedtoolcache/Python/3.10.18/x64
Test Suite (3.10)	Run E2E tests only (excluding unit tests)	2025-08-25T23:40:16.1548442Z   PKG_CONFIG_PATH: /opt/hostedtoolcache/Python/3.10.18/x64/lib/pkgconfig
Test Suite (3.10)	Run E2E tests only (excluding unit tests)	2025-08-25T23:40:16.1548851Z   Python_ROOT_DIR: /opt/hostedtoolcache/Python/3.10.18/x64
Test Suite (3.10)	Run E2E tests only (excluding unit tests)	2025-08-25T23:40:16.1549202Z   Python2_ROOT_DIR: /opt/hostedtoolcache/Python/3.10.18/x64
Test Suite (3.10)	Run E2E tests only (excluding unit tests)	2025-08-25T23:40:16.1549553Z   Python3_ROOT_DIR: /opt/hostedtoolcache/Python/3.10.18/x64
Test Suite (3.10)	Run E2E tests only (excluding unit tests)	2025-08-25T23:40:16.1549897Z   LD_LIBRARY_PATH: /opt/hostedtoolcache/Python/3.10.18/x64/lib
Test Suite (3.10)	Run E2E tests only (excluding unit tests)	2025-08-25T23:40:16.1550239Z ##[endgroup]
Test Suite (3.10)	Run E2E tests only (excluding unit tests)	2025-08-25T23:40:17.9964103Z ============================= test session starts ==============================
Test Suite (3.10)	Run E2E tests only (excluding unit tests)	2025-08-25T23:40:17.9965005Z platform linux -- Python 3.10.18, pytest-7.4.3, pluggy-1.6.0
Test Suite (3.10)	Run E2E tests only (excluding unit tests)	2025-08-25T23:40:17.9965693Z rootdir: /home/runner/work/Daemon-pmac/Daemon-pmac
Test Suite (3.10)	Run E2E tests only (excluding unit tests)	2025-08-25T23:40:17.9966322Z configfile: pyproject.toml
Test Suite (3.10)	Run E2E tests only (excluding unit tests)	2025-08-25T23:40:17.9966848Z plugins: anyio-3.7.1, cov-6.2.1, asyncio-0.21.1
Test Suite (3.10)	Run E2E tests only (excluding unit tests)	2025-08-25T23:40:17.9967443Z asyncio: mode=auto
Test Suite (3.10)	Run E2E tests only (excluding unit tests)	2025-08-25T23:40:17.9967875Z collected 241 items / 3 errors
Test Suite (3.10)	Run E2E tests only (excluding unit tests)	2025-08-25T23:40:17.9968191Z
Test Suite (3.10)	Run E2E tests only (excluding unit tests)	2025-08-25T23:40:17.9968425Z ==================================== ERRORS ====================================
Test Suite (3.10)	Run E2E tests only (excluding unit tests)	2025-08-25T23:40:17.9969249Z __________________ ERROR collecting tests/test_cli_simple.py ___________________
Test Suite (3.10)	Run E2E tests only (excluding unit tests)	2025-08-25T23:40:17.9970614Z /opt/hostedtoolcache/Python/3.10.18/x64/lib/python3.10/site-packages/_pytest/python.py:617: in _importtestmodule
Test Suite (3.10)	Run E2E tests only (excluding unit tests)	2025-08-25T23:40:17.9971657Z     mod = import_path(self.path, mode=importmode, root=self.config.rootpath)
Test Suite (3.10)	Run E2E tests only (excluding unit tests)	2025-08-25T23:40:17.9972543Z /opt/hostedtoolcache/Python/3.10.18/x64/lib/python3.10/site-packages/_pytest/pathlib.py:567: in import_path
Test Suite (3.10)	Run E2E tests only (excluding unit tests)	2025-08-25T23:40:17.9973241Z     importlib.import_module(module_name)
Test Suite (3.10)	Run E2E tests only (excluding unit tests)	2025-08-25T23:40:17.9974191Z /opt/hostedtoolcache/Python/3.10.18/x64/lib/python3.10/importlib/__init__.py:126: in import_module
Test Suite (3.10)	Run E2E tests only (excluding unit tests)	2025-08-25T23:40:17.9974916Z     return _bootstrap._gcd_import(name[level:], package, level)
Test Suite (3.10)	Run E2E tests only (excluding unit tests)	2025-08-25T23:40:17.9975401Z <frozen importlib._bootstrap>:1050: in _gcd_import
Test Suite (3.10)	Run E2E tests only (excluding unit tests)	2025-08-25T23:40:17.9975681Z     ???
Test Suite (3.10)	Run E2E tests only (excluding unit tests)	2025-08-25T23:40:17.9975895Z <frozen importlib._bootstrap>:1027: in _find_and_load
Test Suite (3.10)	Run E2E tests only (excluding unit tests)	2025-08-25T23:40:17.9976158Z     ???
Test Suite (3.10)	Run E2E tests only (excluding unit tests)	2025-08-25T23:40:17.9976391Z <frozen importlib._bootstrap>:1006: in _find_and_load_unlocked
Test Suite (3.10)	Run E2E tests only (excluding unit tests)	2025-08-25T23:40:17.9976678Z     ???
Test Suite (3.10)	Run E2E tests only (excluding unit tests)	2025-08-25T23:40:17.9976877Z <frozen importlib._bootstrap>:688: in _load_unlocked
Test Suite (3.10)	Run E2E tests only (excluding unit tests)	2025-08-25T23:40:17.9977126Z     ???
Test Suite (3.10)	Run E2E tests only (excluding unit tests)	2025-08-25T23:40:17.9977549Z /opt/hostedtoolcache/Python/3.10.18/x64/lib/python3.10/site-packages/_pytest/assertion/rewrite.py:186: in exec_module
Test Suite (3.10)	Run E2E tests only (excluding unit tests)	2025-08-25T23:40:17.9978779Z     exec(co, module.__dict__)
Test Suite (3.10)	Run E2E tests only (excluding unit tests)	2025-08-25T23:40:17.9979146Z tests/test_cli_simple.py:13: in <module>
Test Suite (3.10)	Run E2E tests only (excluding unit tests)	2025-08-25T23:40:17.9979562Z     from app.cli import cli
Test Suite (3.10)	Run E2E tests only (excluding unit tests)	2025-08-25T23:40:17.9980087Z E     File "/home/runner/work/Daemon-pmac/Daemon-pmac/app/cli.py", line 77
Test Suite (3.10)	Run E2E tests only (excluding unit tests)	2025-08-25T23:40:17.9980921Z E       f"âœ— Resume data validation failed: {
Test Suite (3.10)	Run E2E tests only (excluding unit tests)	2025-08-25T23:40:17.9981313Z E       ^
Test Suite (3.10)	Run E2E tests only (excluding unit tests)	2025-08-25T23:40:17.9981729Z E   SyntaxError: unterminated string literal (detected at line 77)
Test Suite (3.10)	Run E2E tests only (excluding unit tests)	2025-08-25T23:40:17.9982394Z __________________ ERROR collecting tests/test_data_loader.py __________________
Test Suite (3.10)	Run E2E tests only (excluding unit tests)	2025-08-25T23:40:17.9983293Z /opt/hostedtoolcache/Python/3.10.18/x64/lib/python3.10/site-packages/_pytest/python.py:617: in _importtestmodule
Test Suite (3.10)	Run E2E tests only (excluding unit tests)	2025-08-25T23:40:17.9984191Z     mod = import_path(self.path, mode=importmode, root=self.config.rootpath)
Test Suite (3.10)	Run E2E tests only (excluding unit tests)	2025-08-25T23:40:17.9984759Z /opt/hostedtoolcache/Python/3.10.18/x64/lib/python3.10/site-packages/_pytest/pathlib.py:567: in import_path
Test Suite (3.10)	Run E2E tests only (excluding unit tests)	2025-08-25T23:40:17.9985508Z     importlib.import_module(module_name)
Test Suite (3.10)	Run E2E tests only (excluding unit tests)	2025-08-25T23:40:17.9985941Z /opt/hostedtoolcache/Python/3.10.18/x64/lib/python3.10/importlib/__init__.py:126: in import_module
Test Suite (3.10)	Run E2E tests only (excluding unit tests)	2025-08-25T23:40:17.9986431Z     return _bootstrap._gcd_import(name[level:], package, level)
Test Suite (3.10)	Run E2E tests only (excluding unit tests)	2025-08-25T23:40:17.9986765Z <frozen importlib._bootstrap>:1050: in _gcd_import
Test Suite (3.10)	Run E2E tests only (excluding unit tests)	2025-08-25T23:40:17.9987018Z     ???
Test Suite (3.10)	Run E2E tests only (excluding unit tests)	2025-08-25T23:40:17.9987217Z <frozen importlib._bootstrap>:1027: in _find_and_load
Test Suite (3.10)	Run E2E tests only (excluding unit tests)	2025-08-25T23:40:17.9987473Z     ???
Test Suite (3.10)	Run E2E tests only (excluding unit tests)	2025-08-25T23:40:17.9987697Z <frozen importlib._bootstrap>:1006: in _find_and_load_unlocked
Test Suite (3.10)	Run E2E tests only (excluding unit tests)	2025-08-25T23:40:17.9987973Z     ???
Test Suite (3.10)	Run E2E tests only (excluding unit tests)	2025-08-25T23:40:17.9988167Z <frozen importlib._bootstrap>:688: in _load_unlocked
Test Suite (3.10)	Run E2E tests only (excluding unit tests)	2025-08-25T23:40:17.9988421Z     ???
Test Suite (3.10)	Run E2E tests only (excluding unit tests)	2025-08-25T23:40:17.9988829Z /opt/hostedtoolcache/Python/3.10.18/x64/lib/python3.10/site-packages/_pytest/assertion/rewrite.py:186: in exec_module
Test Suite (3.10)	Run E2E tests only (excluding unit tests)	2025-08-25T23:40:17.9989325Z     exec(co, module.__dict__)
Test Suite (3.10)	Run E2E tests only (excluding unit tests)	2025-08-25T23:40:17.9989568Z tests/test_data_loader.py:12: in <module>
Test Suite (3.10)	Run E2E tests only (excluding unit tests)	2025-08-25T23:40:17.9989817Z     from app.data_loader import (
Test Suite (3.10)	Run E2E tests only (excluding unit tests)	2025-08-25T23:40:17.9990172Z E     File "/home/runner/work/Daemon-pmac/Daemon-pmac/app/data_loader.py", line 127
Test Suite (3.10)	Run E2E tests only (excluding unit tests)	2025-08-25T23:40:17.9990537Z E       "message": f"Loaded {
Test Suite (3.10)	Run E2E tests only (excluding unit tests)	2025-08-25T23:40:17.9990757Z E                  ^
Test Suite (3.10)	Run E2E tests only (excluding unit tests)	2025-08-25T23:40:17.9991034Z E   SyntaxError: unterminated string literal (detected at line 127)
Test Suite (3.10)	Run E2E tests only (excluding unit tests)	2025-08-25T23:40:17.9991499Z ___________ ERROR collecting tests/test_data_loader_comprehensive.py ___________
Test Suite (3.10)	Run E2E tests only (excluding unit tests)	2025-08-25T23:40:17.9992079Z /opt/hostedtoolcache/Python/3.10.18/x64/lib/python3.10/site-packages/_pytest/python.py:617: in _importtestmodule
Test Suite (3.10)	Run E2E tests only (excluding unit tests)	2025-08-25T23:40:17.9992645Z     mod = import_path(self.path, mode=importmode, root=self.config.rootpath)
Test Suite (3.10)	Run E2E tests only (excluding unit tests)	2025-08-25T23:40:17.9993191Z /opt/hostedtoolcache/Python/3.10.18/x64/lib/python3.10/site-packages/_pytest/pathlib.py:567: in import_path
Test Suite (3.10)	Run E2E tests only (excluding unit tests)	2025-08-25T23:40:17.9993919Z     importlib.import_module(module_name)
Test Suite (3.10)	Run E2E tests only (excluding unit tests)	2025-08-25T23:40:17.9994359Z /opt/hostedtoolcache/Python/3.10.18/x64/lib/python3.10/importlib/__init__.py:126: in import_module
Test Suite (3.10)	Run E2E tests only (excluding unit tests)	2025-08-25T23:40:17.9994839Z     return _bootstrap._gcd_import(name[level:], package, level)
Test Suite (3.10)	Run E2E tests only (excluding unit tests)	2025-08-25T23:40:17.9995173Z <frozen importlib._bootstrap>:1050: in _gcd_import
Test Suite (3.10)	Run E2E tests only (excluding unit tests)	2025-08-25T23:40:17.9995425Z     ???
Test Suite (3.10)	Run E2E tests only (excluding unit tests)	2025-08-25T23:40:17.9995623Z <frozen importlib._bootstrap>:1027: in _find_and_load
Test Suite (3.10)	Run E2E tests only (excluding unit tests)	2025-08-25T23:40:17.9995878Z     ???
Test Suite (3.10)	Run E2E tests only (excluding unit tests)	2025-08-25T23:40:17.9996163Z <frozen importlib._bootstrap>:1006: in _find_and_load_unlocked
Test Suite (3.10)	Run E2E tests only (excluding unit tests)	2025-08-25T23:40:17.9996476Z     ???
Test Suite (3.10)	Run E2E tests only (excluding unit tests)	2025-08-25T23:40:17.9996666Z <frozen importlib._bootstrap>:688: in _load_unlocked
Test Suite (3.10)	Run E2E tests only (excluding unit tests)	2025-08-25T23:40:17.9996916Z     ???
Test Suite (3.10)	Run E2E tests only (excluding unit tests)	2025-08-25T23:40:17.9997321Z /opt/hostedtoolcache/Python/3.10.18/x64/lib/python3.10/site-packages/_pytest/assertion/rewrite.py:186: in exec_module
Test Suite (3.10)	Run E2E tests only (excluding unit tests)	2025-08-25T23:40:17.9997804Z     exec(co, module.__dict__)
Test Suite (3.10)	Run E2E tests only (excluding unit tests)	2025-08-25T23:40:17.9998065Z tests/test_data_loader_comprehensive.py:12: in <module>
Test Suite (3.10)	Run E2E tests only (excluding unit tests)	2025-08-25T23:40:17.9998514Z     from app.data_loader import (
Test Suite (3.10)	Run E2E tests only (excluding unit tests)	2025-08-25T23:40:17.9998866Z E     File "/home/runner/work/Daemon-pmac/Daemon-pmac/app/data_loader.py", line 127
Test Suite (3.10)	Run E2E tests only (excluding unit tests)	2025-08-25T23:40:17.9999222Z E       "message": f"Loaded {
Test Suite (3.10)	Run E2E tests only (excluding unit tests)	2025-08-25T23:40:17.9999420Z E                  ^
Test Suite (3.10)	Run E2E tests only (excluding unit tests)	2025-08-25T23:40:17.9999686Z E   SyntaxError: unterminated string literal (detected at line 127)
Test Suite (3.10)	Run E2E tests only (excluding unit tests)	2025-08-25T23:40:18.0000045Z =========================== short test summary info ============================
Test Suite (3.10)	Run E2E tests only (excluding unit tests)	2025-08-25T23:40:18.0000327Z ERROR tests/test_cli_simple.py
Test Suite (3.10)	Run E2E tests only (excluding unit tests)	2025-08-25T23:40:18.0000550Z ERROR tests/test_data_loader.py
Test Suite (3.10)	Run E2E tests only (excluding unit tests)	2025-08-25T23:40:18.0001102Z ERROR tests/test_data_loader_comprehensive.py
Test Suite (3.10)	Run E2E tests only (excluding unit tests)	2025-08-25T23:40:18.0001706Z !!!!!!!!!!!!!!!!!!! Interrupted: 3 errors during collection !!!!!!!!!!!!!!!!!!!!
Test Suite (3.10)	Run E2E tests only (excluding unit tests)	2025-08-25T23:40:18.0002323Z ============================== 3 errors in 0.69s ===============================
Test Suite (3.10)	Run E2E tests only (excluding unit tests)	2025-08-25T23:40:18.1434455Z Some E2E tests failed but CI continues
Test Suite (3.10)	Post Cache pip dependencies	ï»¿2025-08-25T23:40:18.2230876Z Post job cleanup.
Test Suite (3.10)	Post Cache pip dependencies	2025-08-25T23:40:18.3502301Z Cache hit occurred on the primary key Linux-pip-0b1d3226e0f8b40d4704615eb517c3bfd710edd2b3a2754f878807ce48d65570, not saving cache.
Test Suite (3.10)	Post Set up Python 3.10	ï»¿2025-08-25T23:40:18.3622303Z Post job cleanup.
Test Suite (3.10)	Post Checkout code	ï»¿2025-08-25T23:40:18.5237644Z Post job cleanup.
Test Suite (3.10)	Post Checkout code	2025-08-25T23:40:18.6180613Z [command]/usr/bin/git version
Test Suite (3.10)	Post Checkout code	2025-08-25T23:40:18.6216603Z git version 2.51.0
Test Suite (3.10)	Post Checkout code	2025-08-25T23:40:18.6259001Z Temporarily overriding HOME='/home/runner/work/_temp/9479b58b-6b7c-489d-82f1-7217569e19c6' before making global git config changes
Test Suite (3.10)	Post Checkout code	2025-08-25T23:40:18.6260311Z Adding repository directory to the temporary git global config as a safe directory
Test Suite (3.10)	Post Checkout code	2025-08-25T23:40:18.6271591Z [command]/usr/bin/git config --global --add safe.directory /home/runner/work/Daemon-pmac/Daemon-pmac
Test Suite (3.10)	Post Checkout code	2025-08-25T23:40:18.6305911Z [command]/usr/bin/git config --local --name-only --get-regexp core\.sshCommand
Test Suite (3.10)	Post Checkout code	2025-08-25T23:40:18.6337521Z [command]/usr/bin/git submodule foreach --recursive sh -c "git config --local --name-only --get-regexp 'core\.sshCommand' && git config --local --unset-all 'core.sshCommand' || :"
Test Suite (3.10)	Post Checkout code	2025-08-25T23:40:18.6560837Z [command]/usr/bin/git config --local --name-only --get-regexp http\.https\:\/\/github\.com\/\.extraheader
Test Suite (3.10)	Post Checkout code	2025-08-25T23:40:18.6581159Z http.https://github.com/.extraheader
Test Suite (3.10)	Post Checkout code	2025-08-25T23:40:18.6593636Z [command]/usr/bin/git config --local --unset-all http.https://github.com/.extraheader
Test Suite (3.10)	Post Checkout code	2025-08-25T23:40:18.6623548Z [command]/usr/bin/git submodule foreach --recursive sh -c "git config --local --name-only --get-regexp 'http\.https\:\/\/github\.com\/\.extraheader' && git config --local --unset-all 'http.https://github.com/.extraheader' || :"
Test Suite (3.10)	Complete job	ï»¿2025-08-25T23:40:18.6945595Z Cleaning up orphan processes
